Component: ARM Compiler 5.05 update 1 (build 106) Tool: armlink [4d0efa]

==============================================================================

Section Cross References

    main.o(.text) refers to stm32f4xx_tim.o(.text) for TIM_SetCompare1
    main.o(.text) refers to delay.o(.text) for delay_ms
    main.o(.text) refers to collect.o(.text) for normalization
    main.o(.text) refers to dflt_clz.o(x$fpl$dfltu) for __aeabi_ui2d
    main.o(.text) refers to dmul.o(x$fpl$dmul) for __aeabi_dmul
    main.o(.text) refers to dflt_clz.o(x$fpl$dflt) for __aeabi_i2d
    main.o(.text) refers to daddsub_clz.o(x$fpl$dadd) for __aeabi_dadd
    main.o(.text) refers to dfix.o(x$fpl$dfix) for __aeabi_d2iz
    main.o(.text) refers to daddsub_clz.o(x$fpl$dsub) for __aeabi_dsub
    main.o(.text) refers to stm32f4xx_gpio.o(.text) for GPIO_ReadInputDataBit
    main.o(.text) refers to adc.o(.bss) for uhADCxConvertedValue
    main.o(.text) refers to main.o(.data) for minGray
    main.o(.text) refers to oled.o(.text) for OLED_Clear
    main.o(.text) refers to key.o(.text) for waitKey
    main.o(.text) refers to mpu6050.o(.text) for MPU_Read_Len
    main.o(.text) refers to misc.o(.text) for NVIC_PriorityGroupConfig
    main.o(.text) refers to usart.o(.text) for uart_init
    main.o(.text) refers to adc.o(.text) for ADC_Config
    main.o(.text) refers to myiic.o(.text) for IIC_Init
    main.o(.text) refers to gray.o(.text) for Gray_Init
    main.o(.text) refers to pwm.o(.text) for TIM4CH_PWM_Init
    system_stm32f4xx.o(.text) refers to system_stm32f4xx.o(.data) for SystemCoreClock
    led.o(.text) refers to stm32f4xx_rcc.o(.text) for RCC_AHB1PeriphClockCmd
    led.o(.text) refers to stm32f4xx_gpio.o(.text) for GPIO_Init
    oled.o(.text) refers to stm32f4xx_rcc.o(.text) for RCC_AHB1PeriphClockCmd
    oled.o(.text) refers to stm32f4xx_gpio.o(.text) for GPIO_Init
    oled.o(.text) refers to oled.o(.bss) for OLED_GRAM
    oled.o(.text) refers to oled.o(.constdata) for asc2_1206
    oled.o(.text) refers to delay.o(.text) for delay_ms
    gray.o(.text) refers to stm32f4xx_rcc.o(.text) for RCC_AHB1PeriphClockCmd
    gray.o(.text) refers to stm32f4xx_gpio.o(.text) for GPIO_Init
    myiic.o(.text) refers to stm32f4xx_rcc.o(.text) for RCC_AHB1PeriphClockCmd
    myiic.o(.text) refers to stm32f4xx_gpio.o(.text) for GPIO_Init
    myiic.o(.text) refers to delay.o(.text) for delay_us
    adc.o(.text) refers to stm32f4xx_rcc.o(.text) for RCC_AHB1PeriphClockCmd
    adc.o(.text) refers to stm32f4xx_dma.o(.text) for DMA_Init
    adc.o(.text) refers to stm32f4xx_gpio.o(.text) for GPIO_Init
    adc.o(.text) refers to stm32f4xx_adc.o(.text) for ADC_CommonInit
    adc.o(.text) refers to adc.o(.bss) for uhADCxConvertedValue
    dma.o(.text) refers to stm32f4xx_rcc.o(.text) for RCC_AHB1PeriphClockCmd
    dma.o(.text) refers to stm32f4xx_dma.o(.text) for DMA_Init
    key.o(.text) refers to stm32f4xx_rcc.o(.text) for RCC_AHB1PeriphClockCmd
    key.o(.text) refers to stm32f4xx_gpio.o(.text) for GPIO_Init
    key.o(.text) refers to delay.o(.text) for delay_ms
    pwm.o(.text) refers to stm32f4xx_rcc.o(.text) for RCC_APB1PeriphClockCmd
    pwm.o(.text) refers to stm32f4xx_gpio.o(.text) for GPIO_Init
    pwm.o(.text) refers to stm32f4xx_tim.o(.text) for TIM_TimeBaseInit
    mpu6050.o(.text) refers to myiic.o(.text) for IIC_Start
    mpu6050.o(.text) refers to delay.o(.text) for delay_ms
    mpu6050.o(.text) refers to dflt_clz.o(x$fpl$dflt) for __aeabi_i2d
    mpu6050.o(.text) refers to ddiv.o(x$fpl$ddiv) for __aeabi_ddiv
    mpu6050.o(.text) refers to daddsub_clz.o(x$fpl$dadd) for __aeabi_dadd
    mpu6050.o(.text) refers to d2f.o(x$fpl$d2f) for __aeabi_d2f
    inv_mpu.o(.text) refers to _printf_pad.o(.text) for _printf_pre_padding
    inv_mpu.o(.text) refers to _printf_percent.o(.ARM.Collect$$_printf_percent$$00000000) for _printf_percent
    inv_mpu.o(.text) refers to _printf_x.o(.ARM.Collect$$_printf_percent$$0000000C) for _printf_x
    inv_mpu.o(.text) refers to _printf_hex_int.o(.text) for _printf_longlong_hex
    inv_mpu.o(.text) refers to _printf_d.o(.ARM.Collect$$_printf_percent$$00000009) for _printf_d
    inv_mpu.o(.text) refers to _printf_dec.o(.text) for _printf_int_dec
    inv_mpu.o(.text) refers to mpu6050.o(.text) for MPU_Write_Len
    inv_mpu.o(.text) refers to noretval__2printf.o(.text) for __2printf
    inv_mpu.o(.text) refers to delay.o(.text) for delay_ms
    inv_mpu.o(.text) refers to inv_mpu.o(.data) for st
    inv_mpu.o(.text) refers to inv_mpu.o(.conststring) for .conststring
    inv_mpu.o(.text) refers to inv_mpu.o(.constdata) for test
    inv_mpu.o(.text) refers to llsdiv.o(.text) for __aeabi_ldivmod
    inv_mpu.o(.text) refers to memcmp.o(.text) for memcmp
    inv_mpu.o(.text) refers to inv_mpu_dmp_motion_driver.o(.text) for dmp_set_gyro_bias
    inv_mpu.o(.text) refers to myiic.o(.text) for IIC_Init
    inv_mpu.o(.text) refers to f2d.o(x$fpl$f2d) for __aeabi_f2d
[...]
    ../fplib/dretinf.s                       0x00000000   Number         0  dretinf.o ABSOLUTE
    ../fplib/dsqrt.s                         0x00000000   Number         0  dsqrt_umaal.o ABSOLUTE
    ../fplib/f2d.s                           0x00000000   Number         0  f2d.o ABSOLUTE
    ../fplib/fnaninf.s                       0x00000000   Number         0  fnaninf.o ABSOLUTE
    ../fplib/fpinit.s                        0x00000000   Number         0  fpinit.o ABSOLUTE
    ../fplib/fretinf.s                       0x00000000   Number         0  fretinf.o ABSOLUTE
    ../fplib/usenofp.s                       0x00000000   Number         0  usenofp.o ABSOLUTE
    ../mathlib/asin.c                        0x00000000   Number         0  asin_x.o ABSOLUTE
    ../mathlib/asin.c                        0x00000000   Number         0  asin.o ABSOLUTE
    ../mathlib/atan.c                        0x00000000   Number         0  atan_x.o ABSOLUTE
    ../mathlib/atan.c                        0x00000000   Number         0  atan.o ABSOLUTE
    ../mathlib/atan2.c                       0x00000000   Number         0  atan2.o ABSOLUTE
    ../mathlib/atan2.c                       0x00000000   Number         0  atan2_x.o ABSOLUTE
    ../mathlib/dunder.c                      0x00000000   Number         0  dunder.o ABSOLUTE
    ../mathlib/fabs.c                        0x00000000   Number         0  fabs.o ABSOLUTE
    ../mathlib/fpclassify.c                  0x00000000   Number         0  fpclassify.o ABSOLUTE
    ../mathlib/poly.c                        0x00000000   Number         0  poly.o ABSOLUTE
    ../mathlib/qnan.c                        0x00000000   Number         0  qnan.o ABSOLUTE
    ../mathlib/sqrt.c                        0x00000000   Number         0  sqrt_x.o ABSOLUTE
    ../mathlib/sqrt.c                        0x00000000   Number         0  sqrt.o ABSOLUTE
    ..\CORE\startup_stm32f40_41xxx.s         0x00000000   Number         0  startup_stm32f40_41xxx.o ABSOLUTE
    ..\FWLIB\src\misc.c                      0x00000000   Number         0  misc.o ABSOLUTE
    ..\FWLIB\src\stm32f4xx_adc.c             0x00000000   Number         0  stm32f4xx_adc.o ABSOLUTE
    ..\FWLIB\src\stm32f4xx_dma.c             0x00000000   Number         0  stm32f4xx_dma.o ABSOLUTE
    ..\FWLIB\src\stm32f4xx_fsmc.c            0x00000000   Number         0  stm32f4xx_fsmc.o ABSOLUTE
    ..\FWLIB\src\stm32f4xx_gpio.c            0x00000000   Number         0  stm32f4xx_gpio.o ABSOLUTE
    ..\FWLIB\src\stm32f4xx_rcc.c             0x00000000   Number         0  stm32f4xx_rcc.o ABSOLUTE
    ..\FWLIB\src\stm32f4xx_syscfg.c          0x00000000   Number         0  stm32f4xx_syscfg.o ABSOLUTE
    ..\FWLIB\src\stm32f4xx_tim.c             0x00000000   Number         0  stm32f4xx_tim.o ABSOLUTE
    ..\FWLIB\src\stm32f4xx_usart.c           0x00000000   Number         0  stm32f4xx_usart.o ABSOLUTE
    ..\HARDWARE\ADC\adc.c                    0x00000000   Number         0  adc.o ABSOLUTE
    ..\HARDWARE\COLLECT\collect.c            0x00000000   Number         0  collect.o ABSOLUTE
    ..\HARDWARE\DMA\dma.c                    0x00000000   Number         0  dma.o ABSOLUTE
    ..\HARDWARE\Gray_Check\gray.c            0x00000000   Number         0  gray.o ABSOLUTE
    ..\HARDWARE\IIC\myiic.c                  0x00000000   Number         0  myiic.o ABSOLUTE
    ..\HARDWARE\KEY\key.c                    0x00000000   Number         0  key.o ABSOLUTE
    ..\HARDWARE\LED\led.c                    0x00000000   Number         0  led.o ABSOLUTE
    ..\HARDWARE\MPU6050\eMPL\inv_mpu.c       0x00000000   Number         0  inv_mpu.o ABSOLUTE
    ..\HARDWARE\MPU6050\eMPL\inv_mpu_dmp_motion_driver.c 0x00000000   Number         0  inv_mpu_dmp_motion_driver.o ABSOLUTE
    ..\HARDWARE\MPU6050\mpu6050.c            0x00000000   Number         0  mpu6050.o ABSOLUTE
    ..\HARDWARE\OLED\oled.c                  0x00000000   Number         0  oled.o ABSOLUTE
    ..\HARDWARE\PWM\pwm.c                    0x00000000   Number         0  pwm.o ABSOLUTE
    ..\SYSTEM\delay\delay.c                  0x00000000   Number         0  delay.o ABSOLUTE
    ..\SYSTEM\sys\sys.c                      0x00000000   Number         0  sys.o ABSOLUTE
    ..\SYSTEM\usart\usart.c                  0x00000000   Number         0  usart.o ABSOLUTE
    ..\\FWLIB\\src\\misc.c                   0x00000000   Number         0  misc.o ABSOLUTE
    ..\\FWLIB\\src\\stm32f4xx_adc.c          0x00000000   Number         0  stm32f4xx_adc.o ABSOLUTE
    ..\\FWLIB\\src\\stm32f4xx_dma.c          0x00000000   Number         0  stm32f4xx_dma.o ABSOLUTE
    ..\\FWLIB\\src\\stm32f4xx_fsmc.c         0x00000000   Number         0  stm32f4xx_fsmc.o ABSOLUTE
    ..\\FWLIB\\src\\stm32f4xx_gpio.c         0x00000000   Number         0  stm32f4xx_gpio.o ABSOLUTE
    ..\\FWLIB\\src\\stm32f4xx_rcc.c          0x00000000   Number         0  stm32f4xx_rcc.o ABSOLUTE
    ..\\FWLIB\\src\\stm32f4xx_syscfg.c       0x00000000   Number         0  stm32f4xx_syscfg.o ABSOLUTE
    ..\\FWLIB\\src\\stm32f4xx_tim.c          0x00000000   Number         0  stm32f4xx_tim.o ABSOLUTE
    ..\\FWLIB\\src\\stm32f4xx_usart.c        0x00000000   Number         0  stm32f4xx_usart.o ABSOLUTE
    ..\\HARDWARE\\ADC\\adc.c                 0x00000000   Number         0  adc.o ABSOLUTE
    ..\\HARDWARE\\DMA\\dma.c                 0x00000000   Number         0  dma.o ABSOLUTE
    ..\\HARDWARE\\Gray_Check\\gray.c         0x00000000   Number         0  gray.o ABSOLUTE
    ..\\HARDWARE\\IIC\\myiic.c               0x00000000   Number         0  myiic.o ABSOLUTE
    ..\\HARDWARE\\KEY\\key.c                 0x00000000   Number         0  key.o ABSOLUTE
    ..\\HARDWARE\\LED\\led.c                 0x00000000   Number         0  led.o ABSOLUTE
    ..\\HARDWARE\\MPU6050\\eMPL\\inv_mpu.c   0x00000000   Number         0  inv_mpu.o ABSOLUTE
    ..\\HARDWARE\\MPU6050\\eMPL\\inv_mpu_dmp_motion_driver.c 0x00000000   Number         0  inv_mpu_dmp_motion_driver.o ABSOLUTE
    ..\\HARDWARE\\MPU6050\\mpu6050.c         0x00000000   Number         0  mpu6050.o ABSOLUTE
    ..\\HARDWARE\\OLED\\oled.c               0x00000000   Number         0  oled.o ABSOLUTE
    ..\\HARDWARE\\PWM\\pwm.c                 0x00000000   Number         0  pwm.o ABSOLUTE
    ..\\SYSTEM\\delay\\delay.c               0x00000000   Number         0  delay.o ABSOLUTE
    ..\\SYSTEM\\sys\\sys.c                   0x00000000   Number         0  sys.o ABSOLUTE
    ..\\SYSTEM\\usart\\usart.c               0x00000000   Number         0  usart.o ABSOLUTE
    dc.s                                     0x00000000   Number         0  dc.o ABSOLUTE
    main.c                                   0x00000000   Number         0  main.o ABSOLUTE
    main.c                                   0x00000000   Number         0  main.o ABSOLUTE
    stm32f4xx_it.c                           0x00000000   Number         0  stm32f4xx_it.o ABSOLUTE
    stm32f4xx_it.c                           0x00000000   Number         0  stm32f4xx_it.o ABSOLUTE
    system_stm32f4xx.c                       0x00000000   Number         0  system_stm32f4xx.o ABSOLUTE
    system_stm32f4xx.c                       0x00000000   Number         0  system_stm32f4xx.o ABSOLUTE
    RESET                                    0x08000000   Section      392  startup_stm32f40_41xxx.o(RESET)
    !!!main                                  0x08000188   Section        8  __main.o(!!!main)
    !!!scatter                               0x08000190   Section       52  __scatter.o(!!!scatter)
    !!handler_copy                           0x080001c4   Section       26  __scatter_copy.o(!!handler_copy)
    !!handler_zi                             0x080001e0   Section       28  __scatter_zi.o(!!handler_zi)
    .ARM.Collect$$libinit$$00000000          0x080001fc   Section        2  libinit.o(.ARM.Collect$$libinit$$00000000)
    .ARM.Collect$$libinit$$00000001          0x080001fe   Section        4  libinit2.o(.ARM.Collect$$libinit$$00000001)
    .ARM.Collect$$libinit$$00000004          0x08000202   Section        0  libinit2.o(.ARM.Collect$$libinit$$00000004)
    .ARM.Collect$$libinit$$0000000A          0x08000202   Section        0  libinit2.o(.ARM.Collect$$libinit$$0000000A)
    .ARM.Collect$$libinit$$0000000C          0x08000202   Section        0  libinit2.o(.ARM.Collect$$libinit$$0000000C)
    .ARM.Collect$$libinit$$0000000E          0x08000202   Section        0  libinit2.o(.ARM.Collect$$libinit$$0000000E)
    .ARM.Collect$$libinit$$00000011          0x08000202   Section        0  libinit2.o(.ARM.Collect$$libinit$$00000011)
    .ARM.Collect$$libinit$$00000013          0x08000202   Section        0  libinit2.o(.ARM.Collect$$libinit$$00000013)
    .ARM.Collect$$libinit$$00000015          0x08000202   Section        0  libinit2.o(.ARM.Collect$$libinit$$00000015)
    .ARM.Collect$$libinit$$00000017          0x08000202   Section        0  libinit2.o(.ARM.Collect$$libinit$$00000017)
    .ARM.Collect$$libinit$$00000019          0x08000202   Section        0  libinit2.o(.ARM.Collect$$libinit$$00000019)
    .ARM.Collect$$libinit$$0000001B          0x08000202   Section        0  libinit2.o(.ARM.Collect$$libinit$$0000001B)
    .ARM.Collect$$libinit$$0000001D          0x08000202   Section        0  libinit2.o(.ARM.Collect$$libinit$$0000001D)
    .ARM.Collect$$libinit$$0000001F          0x08000202   Section        0  libinit2.o(.ARM.Collect$$libinit$$0000001F)
    .ARM.Collect$$libinit$$00000021          0x08000202   Section        0  libinit2.o(.ARM.Collect$$libinit$$00000021)
    .ARM.Collect$$libinit$$00000023          0x08000202   Section        0  libinit2.o(.ARM.Collect$$libinit$$00000023)
    .ARM.Collect$$libinit$$00000025          0x08000202   Section        0  libinit2.o(.ARM.Collect$$libinit$$00000025)
    .ARM.Collect$$libinit$$0000002C          0x08000202   Section        0  libinit2.o(.ARM.Collect$$libinit$$0000002C)
    .ARM.Collect$$libinit$$0000002E          0x08000202   Section        0  libinit2.o(.ARM.Collect$$libinit$$0000002E)
    .ARM.Collect$$libinit$$00000030          0x08000202   Section        0  libinit2.o(.ARM.Collect$$libinit$$00000030)
    .ARM.Collect$$libinit$$00000032          0x08000202   Section        0  libinit2.o(.ARM.Collect$$libinit$$00000032)
    .ARM.Collect$$libinit$$00000033          0x08000202   Section        2  libinit2.o(.ARM.Collect$$libinit$$00000033)
    .ARM.Collect$$libshutdown$$00000000      0x08000204   Section        2  libshutdown.o(.ARM.Collect$$libshutdown$$00000000)
    .ARM.Collect$$libshutdown$$00000003      0x08000206   Section        0  libshutdown2.o(.ARM.Collect$$libshutdown$$00000003)
    .ARM.Collect$$libshutdown$$00000006      0x08000206   Section        0  libshutdown2.o(.ARM.Collect$$libshutdown$$00000006)
    .ARM.Collect$$libshutdown$$00000009      0x08000206   Section        0  libshutdown2.o(.ARM.Collect$$libshutdown$$00000009)
    .ARM.Collect$$libshutdown$$0000000B      0x08000206   Section        0  libshutdown2.o(.ARM.Collect$$libshutdown$$0000000B)
    .ARM.Collect$$libshutdown$$0000000E      0x08000206   Section        0  libshutdown2.o(.ARM.Collect$$libshutdown$$0000000E)
    .ARM.Collect$$libshutdown$$0000000F      0x08000206   Section        2  libshutdown2.o(.ARM.Collect$$libshutdown$$0000000F)
    .ARM.Collect$$rtentry$$00000000          0x08000208   Section        0  __rtentry.o(.ARM.Collect$$rtentry$$00000000)
    .ARM.Collect$$rtentry$$00000002          0x08000208   Section        0  __rtentry2.o(.ARM.Collect$$rtentry$$00000002)
    .ARM.Collect$$rtentry$$00000004          0x08000208   Section        6  __rtentry4.o(.ARM.Collect$$rtentry$$00000004)
    .ARM.Collect$$rtentry$$00000009          0x0800020e   Section        0  __rtentry2.o(.ARM.Collect$$rtentry$$00000009)
    .ARM.Collect$$rtentry$$0000000A          0x0800020e   Section        4  __rtentry2.o(.ARM.Collect$$rtentry$$0000000A)
    .ARM.Collect$$rtentry$$0000000C          0x08000212   Section        0  __rtentry2.o(.ARM.Collect$$rtentry$$0000000C)
    .ARM.Collect$$rtentry$$0000000D          0x08000212   Section        8  __rtentry2.o(.ARM.Collect$$rtentry$$0000000D)
    .ARM.Collect$$rtexit$$00000000           0x0800021a   Section        2  rtexit.o(.ARM.Collect$$rtexit$$00000000)
    .ARM.Collect$$rtexit$$00000002           0x0800021c   Section        0  rtexit2.o(.ARM.Collect$$rtexit$$00000002)
    .ARM.Collect$$rtexit$$00000003           0x0800021c   Section        4  rtexit2.o(.ARM.Collect$$rtexit$$00000003)
    .ARM.Collect$$rtexit$$00000004           0x08000220   Section        6  rtexit2.o(.ARM.Collect$$rtexit$$00000004)
    .text                                    0x08000228   Section        0  main.o(.text)
    .text                                    0x0800293c   Section        0  stm32f4xx_it.o(.text)
    .text                                    0x08002958   Section        0  system_stm32f4xx.o(.text)
    SetSysClock                              0x08002959   Thumb Code   220  system_stm32f4xx.o(.text)
    .text                                    0x08002b68   Section        0  oled.o(.text)
    .text                                    0x0800308c   Section        0  gray.o(.text)
    .text                                    0x08003188   Section        0  myiic.o(.text)
    .text                                    0x080033ec   Section        0  adc.o(.text)
    .text                                    0x08003570   Section        0  key.o(.text)
    .text                                    0x08003670   Section        0  collect.o(.text)
    .text                                    0x080036a4   Section        0  pwm.o(.text)
    .text                                    0x080039fc   Section        0  mpu6050.o(.text)
    .text                                    0x08003d80   Section        0  delay.o(.text)
    .text                                    0x08003e84   Section        0  usart.o(.text)
    .text                                    0x08003fd0   Section       64  startup_stm32f40_41xxx.o(.text)
    $v0                                      0x08003fd0   Number         0  startup_stm32f40_41xxx.o(.text)
    .text                                    0x08004010   Section        0  misc.o(.text)
    .text                                    0x080040f0   Section        0  stm32f4xx_gpio.o(.text)
    .text                                    0x08004384   Section        0  stm32f4xx_rcc.o(.text)
    .text                                    0x080049e0   Section        0  stm32f4xx_usart.o(.text)
    .text                                    0x08004e34   Section        0  stm32f4xx_adc.o(.text)
    .text                                    0x08005298   Section        0  stm32f4xx_dma.o(.text)
    .text                                    0x08005640   Section        0  stm32f4xx_tim.o(.text)
    TI4_Config                               0x08005ddf   Thumb Code    80  stm32f4xx_tim.o(.text)
    TI3_Config                               0x08005e41   Thumb Code    72  stm32f4xx_tim.o(.text)
    TI2_Config                               0x08005ea3   Thumb Code    90  stm32f4xx_tim.o(.text)
    TI1_Config                               0x08005f0f   Thumb Code    58  stm32f4xx_tim.o(.text)
    .text                                    0x080062e2   Section        2  use_no_semi_2.o(.text)
    .text                                    0x080062e4   Section        0  heapauxi.o(.text)
    .text                                    0x080062ea   Section        2  use_no_semi.o(.text)
    .text                                    0x080062ec   Section        8  libspace.o(.text)
    .text                                    0x080062f4   Section       74  sys_stackheap_outer.o(.text)
    .text                                    0x0800633e   Section        0  exit.o(.text)
    x$fpl$d2f                                0x0800634c   Section       98  d2f.o(x$fpl$d2f)
    $v0                                      0x0800634c   Number         0  d2f.o(x$fpl$d2f)
    x$fpl$dadd                               0x080063b0   Section      336  daddsub_clz.o(x$fpl$dadd)
    $v0                                      0x080063b0   Number         0  daddsub_clz.o(x$fpl$dadd)
    _dadd1                                   0x080063c1   Thumb Code     0  daddsub_clz.o(x$fpl$dadd)
    x$fpl$ddiv                               0x08006500   Section      688  ddiv.o(x$fpl$ddiv)
    $v0                                      0x08006500   Number         0  ddiv.o(x$fpl$ddiv)
    ddiv_entry                               0x08006507   Thumb Code     0  ddiv.o(x$fpl$ddiv)
    x$fpl$dfix                               0x080067b0   Section       94  dfix.o(x$fpl$dfix)
    $v0                                      0x080067b0   Number         0  dfix.o(x$fpl$dfix)
    x$fpl$dflt                               0x0800680e   Section       46  dflt_clz.o(x$fpl$dflt)
    $v0                                      0x0800680e   Number         0  dflt_clz.o(x$fpl$dflt)
    x$fpl$dfltu                              0x0800683c   Section       38  dflt_clz.o(x$fpl$dfltu)
    $v0                                      0x0800683c   Number         0  dflt_clz.o(x$fpl$dfltu)
    x$fpl$dmul                               0x08006864   Section      340  dmul.o(x$fpl$dmul)
    $v0                                      0x08006864   Number         0  dmul.o(x$fpl$dmul)
    x$fpl$dnaninf                            0x080069b8   Section      156  dnaninf.o(x$fpl$dnaninf)
    $v0                                      0x080069b8   Number         0  dnaninf.o(x$fpl$dnaninf)
    x$fpl$dretinf                            0x08006a54   Section       12  dretinf.o(x$fpl$dretinf)
    $v0                                      0x08006a54   Number         0  dretinf.o(x$fpl$dretinf)
    x$fpl$dsub                               0x08006a60   Section      468  daddsub_clz.o(x$fpl$dsub)
    $v0                                      0x08006a60   Number         0  daddsub_clz.o(x$fpl$dsub)
    _dsub1                                   0x08006a71   Thumb Code     0  daddsub_clz.o(x$fpl$dsub)
    x$fpl$fpinit                             0x08006c34   Section       10  fpinit.o(x$fpl$fpinit)
    $v0                                      0x08006c34   Number         0  fpinit.o(x$fpl$fpinit)
    x$fpl$fretinf                            0x08006c3e   Section       10  fretinf.o(x$fpl$fretinf)
    $v0                                      0x08006c3e   Number         0  fretinf.o(x$fpl$fretinf)
    .constdata                               0x08006c48   Section     6080  oled.o(.constdata)
    x$fpl$usenofp                            0x08006c48   Section        0  usenofp.o(x$fpl$usenofp)
    .data                                    0x20000000   Section       78  main.o(.data)
    .data                                    0x20000050   Section       20  system_stm32f4xx.o(.data)
    .data                                    0x20000064   Section        4  delay.o(.data)
    fac_us                                   0x20000064   Data           1  delay.o(.data)
    fac_ms                                   0x20000066   Data           2  delay.o(.data)
    .data                                    0x20000068   Section        6  usart.o(.data)
    .data                                    0x2000006e   Section       16  stm32f4xx_rcc.o(.data)
    APBAHBPrescTable                         0x2000006e   Data          16  stm32f4xx_rcc.o(.data)
    .bss                                     0x20000080   Section     1024  oled.o(.bss)
    .bss                                     0x20000480   Section       12  adc.o(.bss)
    .bss                                     0x2000048c   Section      200  usart.o(.bss)
    .bss                                     0x20000554   Section       96  libspace.o(.bss)
    HEAP                                     0x200005b8   Section      512  startup_stm32f40_41xxx.o(HEAP)
    Heap_Mem                                 0x200005b8   Data         512  startup_stm32f40_41xxx.o(HEAP)
    STACK                                    0x200007b8   Section     1024  startup_stm32f40_41xxx.o(STACK)
    Stack_Mem                                0x200007b8   Data        1024  startup_stm32f40_41xxx.o(STACK)
    __initial_sp                             0x20000bb8   Data           0  startup_stm32f40_41xxx.o(STACK)

    Global Symbols

    Symbol Name                              Value     Ov Type        Size  Object(Section)

    BuildAttributes$$THM_ISAv4$E$P$D$K$B$S$7EM$VFPi3$EXTD16$VFPS$VFMA$PE$A:L22UL41UL21$X:L11$S22US41US21$IEEE1$IW$USESV6$~STKCKD$USESV7$~SHL$OTIME$ROPI$IEEEX$EBA8$UX$STANDARDLIB$REQ8$PRES8$EABIv2 0x00000000   Number         0  anon$$obj.o ABSOLUTE
    __ARM_use_no_argv                        0x00000000   Number         0  main.o ABSOLUTE
    _printf_flags                            0x00000000   Number         0  printf_stubs.o ABSOLUTE
    _printf_return_value                     0x00000000   Number         0  printf_stubs.o ABSOLUTE
    _printf_sizespec                         0x00000000   Number         0  printf_stubs.o ABSOLUTE
    _printf_widthprec                        0x00000000   Number         0  printf_stubs.o ABSOLUTE
    __ARM_exceptions_init                     - Undefined Weak Reference
    __alloca_initialize                       - Undefined Weak Reference
    __arm_preinit_                            - Undefined Weak Reference
    __cpp_initialize__aeabi_                  - Undefined Weak Reference
    __cxa_finalize                            - Undefined Weak Reference
    __rt_locale                               - Undefined Weak Reference
    __sigvec_lookup                           - Undefined Weak Reference
    _atexit_init                              - Undefined Weak Reference
    _call_atexit_fns                          - Undefined Weak Reference
    _clock_init                               - Undefined Weak Reference
    _fp_trap_init                             - Undefined Weak Reference
    _fp_trap_shutdown                         - Undefined Weak Reference
    _get_lc_collate                           - Undefined Weak Reference
    _get_lc_ctype                             - Undefined Weak Reference
    _get_lc_monetary                          - Undefined Weak Reference
    _get_lc_numeric                           - Undefined Weak Reference
    _get_lc_time                              - Undefined Weak Reference
    _getenv_init                              - Undefined Weak Reference
    _handle_redirection                       - Undefined Weak Reference
    _init_alloc                               - Undefined Weak Reference
    _init_user_alloc                          - Undefined Weak Reference
    _initio                                   - Undefined Weak Reference
    _mutex_acquire                            - Undefined Weak Reference
    _mutex_release                            - Undefined Weak Reference
    _printf_truncate_signed                   - Undefined Weak Reference
    _printf_truncate_unsigned                 - Undefined Weak Reference
    _rand_init                                - Undefined Weak Reference
    _signal_finish                            - Undefined Weak Reference
    _signal_init                              - Undefined Weak Reference
    _terminate_alloc                          - Undefined Weak Reference
    _terminate_user_alloc                     - Undefined Weak Reference
    _terminateio                              - Undefined Weak Reference
    __Vectors_Size                           0x00000188   Number         0  startup_stm32f40_41xxx.o ABSOLUTE
    __Vectors                                0x08000000   Data           4  startup_stm32f40_41xxx.o(RESET)
    __Vectors_End                            0x08000188   Data           0  startup_stm32f40_41xxx.o(RESET)
    __main                                   0x08000189   Thumb Code     8  __main.o(!!!main)
    __scatterload                            0x08000191   Thumb Code     0  __scatter.o(!!!scatter)
    __scatterload_rt2                        0x08000191   Thumb Code    44  __scatter.o(!!!scatter)
    __scatterload_rt2_thumb_only             0x08000191   Thumb Code     0  __scatter.o(!!!scatter)
    __scatterload_null                       0x0800019f   Thumb Code     0  __scatter.o(!!!scatter)
    __scatterload_copy                       0x080001c5   Thumb Code    26  __scatter_copy.o(!!handler_copy)
    __scatterload_zeroinit                   0x080001e1   Thumb Code    28  __scatter_zi.o(!!handler_zi)
    __rt_lib_init                            0x080001fd   Thumb Code     0  libinit.o(.ARM.Collect$$libinit$$00000000)
    __rt_lib_init_fp_1                       0x080001ff   Thumb Code     0  libinit2.o(.ARM.Collect$$libinit$$00000001)
    __rt_lib_init_alloca_1                   0x08000203   Thumb Code     0  libinit2.o(.ARM.Collect$$libinit$$0000002E)
    __rt_lib_init_argv_1                     0x08000203   Thumb Code     0  libinit2.o(.ARM.Collect$$libinit$$0000002C)
    __rt_lib_init_atexit_1                   0x08000203   Thumb Code     0  libinit2.o(.ARM.Collect$$libinit$$0000001B)
    __rt_lib_init_clock_1                    0x08000203   Thumb Code     0  libinit2.o(.ARM.Collect$$libinit$$00000021)
    __rt_lib_init_cpp_1                      0x08000203   Thumb Code     0  libinit2.o(.ARM.Collect$$libinit$$00000032)
    __rt_lib_init_exceptions_1               0x08000203   Thumb Code     0  libinit2.o(.ARM.Collect$$libinit$$00000030)
    __rt_lib_init_fp_trap_1                  0x08000203   Thumb Code     0  libinit2.o(.ARM.Collect$$libinit$$0000001F)
    __rt_lib_init_getenv_1                   0x08000203   Thumb Code     0  libinit2.o(.ARM.Collect$$libinit$$00000023)
    __rt_lib_init_heap_1                     0x08000203   Thumb Code     0  libinit2.o(.ARM.Collect$$libinit$$0000000A)
    __rt_lib_init_lc_collate_1               0x08000203   Thumb Code     0  libinit2.o(.ARM.Collect$$libinit$$00000011)
    __rt_lib_init_lc_ctype_1                 0x08000203   Thumb Code     0  libinit2.o(.ARM.Collect$$libinit$$00000013)
    __rt_lib_init_lc_monetary_1              0x08000203   Thumb Code     0  libinit2.o(.ARM.Collect$$libinit$$00000015)
    __rt_lib_init_lc_numeric_1               0x08000203   Thumb Code     0  libinit2.o(.ARM.Collect$$libinit$$00000017)
    __rt_lib_init_lc_time_1                  0x08000203   Thumb Code     0  libinit2.o(.ARM.Collect$$libinit$$00000019)
    __rt_lib_init_preinit_1                  0x08000203   Thumb Code     0  libinit2.o(.ARM.Collect$$libinit$$00000004)
    __rt_lib_init_rand_1                     0x08000203   Thumb Code     0  libinit2.o(.ARM.Collect$$libinit$$0000000E)
    __rt_lib_init_return                     0x08000203   Thumb Code     0  libinit2.o(.ARM.Collect$$libinit$$00000033)
    __rt_lib_init_signal_1                   0x08000203   Thumb Code     0  libinit2.o(.ARM.Collect$$libinit$$0000001D)
    __rt_lib_init_stdio_1                    0x08000203   Thumb Code     0  libinit2.o(.ARM.Collect$$libinit$$00000025)
    __rt_lib_init_user_alloc_1               0x08000203   Thumb Code     0  libinit2.o(.ARM.Collect$$libinit$$0000000C)
    __rt_lib_shutdown                        0x08000205   Thumb Code     0  libshutdown.o(.ARM.Collect$$libshutdown$$00000000)
    __rt_lib_shutdown_fp_trap_1              0x08000207   Thumb Code     0  libshutdown2.o(.ARM.Collect$$libshutdown$$00000006)
    __rt_lib_shutdown_heap_1                 0x08000207   Thumb Code     0  libshutdown2.o(.ARM.Collect$$libshutdown$$0000000E)
    __rt_lib_shutdown_return                 0x08000207   Thumb Code     0  libshutdown2.o(.ARM.Collect$$libshutdown$$0000000F)
    __rt_lib_shutdown_signal_1               0x08000207   Thumb Code     0  libshutdown2.o(.ARM.Collect$$libshutdown$$00000009)
    __rt_lib_shutdown_stdio_1                0x08000207   Thumb Code     0  libshutdown2.o(.ARM.Collect$$libshutdown$$00000003)
    __rt_lib_shutdown_user_alloc_1           0x08000207   Thumb Code     0  libshutdown2.o(.ARM.Collect$$libshutdown$$0000000B)
    __rt_entry                               0x08000209   Thumb Code     0  __rtentry.o(.ARM.Collect$$rtentry$$00000000)
    __rt_entry_presh_1                       0x08000209   Thumb Code     0  __rtentry2.o(.ARM.Collect$$rtentry$$00000002)
    __rt_entry_sh                            0x08000209   Thumb Code     0  __rtentry4.o(.ARM.Collect$$rtentry$$00000004)
    __rt_entry_li                            0x0800020f   Thumb Code     0  __rtentry2.o(.ARM.Collect$$rtentry$$0000000A)
    __rt_entry_postsh_1                      0x0800020f   Thumb Code     0  __rtentry2.o(.ARM.Collect$$rtentry$$00000009)
    __rt_entry_main                          0x08000213   Thumb Code     0  __rtentry2.o(.ARM.Collect$$rtentry$$0000000D)
    __rt_entry_postli_1                      0x08000213   Thumb Code     0  __rtentry2.o(.ARM.Collect$$rtentry$$0000000C)
    __rt_exit                                0x0800021b   Thumb Code     0  rtexit.o(.ARM.Collect$$rtexit$$00000000)
    __rt_exit_ls                             0x0800021d   Thumb Code     0  rtexit2.o(.ARM.Collect$$rtexit$$00000003)
    __rt_exit_prels_1                        0x0800021d   Thumb Code     0  rtexit2.o(.ARM.Collect$$rtexit$$00000002)
    __rt_exit_exit                           0x08000221   Thumb Code     0  rtexit2.o(.ARM.Collect$$rtexit$$00000004)
    Go                                       0x08000229   Thumb Code    38  main.o(.text)
    Back                                     0x0800024f   Thumb Code    38  main.o(.text)
    Stop                                     0x08000275   Thumb Code    38  main.o(.text)
    Adjust_Right                             0x0800029b   Thumb Code    40  main.o(.text)
    Adjust_Left                              0x080002c3   Thumb Code    40  main.o(.text)
    Adjust_Right_back                        0x080002eb   Thumb Code    40  main.o(.text)
    Adjust_Left_back                         0x08000313   Thumb Code    40  main.o(.text)
    TurnRight                                0x0800033b   Thumb Code    38  main.o(.text)
    TurnLeft                                 0x08000361   Thumb Code    38  main.o(.text)
    Wave_hand                                0x08000387   Thumb Code   134  main.o(.text)
    Shake_Head                               0x0800040d   Thumb Code    40  main.o(.text)
    FollowLine                               0x08000435   Thumb Code   434  main.o(.text)
    back_line                                0x080005e7   Thumb Code   236  main.o(.text)
    GetAvg                                   0x080006d3   Thumb Code    26  main.o(.text)
    NumGet                                   0x080006ed   Thumb Code   274  main.o(.text)
    Get_GYz                                  0x080007ff   Thumb Code    82  main.o(.text)
    Mpu6050_Turn180                          0x08000851   Thumb Code   102  main.o(.text)
    Mpu6050_Turn90                           0x080008b7   Thumb Code   104  main.o(.text)
    LeftRoad                                 0x0800091f   Thumb Code    50  main.o(.text)
    LeftRoad_F                               0x08000951   Thumb Code    90  main.o(.text)
    RightRoad                                0x080009ab   Thumb Code    62  main.o(.text)
    RightRoad_F                              0x080009e9   Thumb Code    96  main.o(.text)
    GotoPlatForm_1                           0x08000a49   Thumb Code   268  main.o(.text)
    GotoPlatForm                             0x08000b55   Thumb Code   162  main.o(.text)
    MoveTo                                   0x08000bf7   Thumb Code  4854  main.o(.text)
    main                                     0x08001eed   Thumb Code  2606  main.o(.text)
    NMI_Handler                              0x0800293d   Thumb Code     2  stm32f4xx_it.o(.text)
    HardFault_Handler                        0x0800293f   Thumb Code     4  stm32f4xx_it.o(.text)
    MemManage_Handler                        0x08002943   Thumb Code     4  stm32f4xx_it.o(.text)
    BusFault_Handler                         0x08002947   Thumb Code     4  stm32f4xx_it.o(.text)
    UsageFault_Handler                       0x0800294b   Thumb Code     4  stm32f4xx_it.o(.text)
    SVC_Handler                              0x0800294f   Thumb Code     2  stm32f4xx_it.o(.text)
    DebugMon_Handler                         0x08002951   Thumb Code     2  stm32f4xx_it.o(.text)
    PendSV_Handler                           0x08002953   Thumb Code     2  stm32f4xx_it.o(.text)
    SysTick_Handler                          0x08002955   Thumb Code     2  stm32f4xx_it.o(.text)
    SystemInit                               0x08002a35   Thumb Code    88  system_stm32f4xx.o(.text)
    SystemCoreClockUpdate                    0x08002a8d   Thumb Code   174  system_stm32f4xx.o(.text)
    OLED_WR_Byte                             0x08002b69   Thumb Code    80  oled.o(.text)
    OLED_Refresh_Gram                        0x08002bb9   Thumb Code    70  oled.o(.text)
    OLED_Display_On                          0x08002bff   Thumb Code    28  oled.o(.text)
    OLED_Display_Off                         0x08002c1b   Thumb Code    28  oled.o(.text)
    OLED_Clear                               0x08002c37   Thumb Code    42  oled.o(.text)
    OLED_DrawPoint                           0x08002c61   Thumb Code   100  oled.o(.text)
    OLED_Fill                                0x08002cc5   Thumb Code    58  oled.o(.text)
    OLED_ShowChar                            0x08002cff   Thumb Code   254  oled.o(.text)
    mypow                                    0x08002dfd   Thumb Code    22  oled.o(.text)
    OLED_ShowNum                             0x08002e13   Thumb Code   148  oled.o(.text)
    OLED_ShowString                          0x08002ea7   Thumb Code    94  oled.o(.text)
    OLED_Init                                0x08002f05   Thumb Code   378  oled.o(.text)
    Gray_Init                                0x0800308d   Thumb Code   232  gray.o(.text)
    IIC_Init                                 0x08003189   Thumb Code    62  myiic.o(.text)
    IIC_Start                                0x080031c7   Thumb Code    68  myiic.o(.text)
    IIC_Stop                                 0x0800320b   Thumb Code    62  myiic.o(.text)
    IIC_Wait_Ack                             0x08003249   Thumb Code    86  myiic.o(.text)
    IIC_Ack                                  0x0800329f   Thumb Code    66  myiic.o(.text)
    IIC_NAck                                 0x080032e1   Thumb Code    66  myiic.o(.text)
    IIC_Send_Byte                            0x08003323   Thumb Code    90  myiic.o(.text)
    IIC_Read_Byte                            0x0800337d   Thumb Code   100  myiic.o(.text)
    ADC_Config                               0x080033ed   Thumb Code   364  adc.o(.text)
    KEY_Init                                 0x08003571   Thumb Code    42  key.o(.text)
    waitKey                                  0x0800359b   Thumb Code   210  key.o(.text)
    normalization                            0x08003671   Thumb Code    48  collect.o(.text)
    TIM4CH_PWM_Init                          0x080036a5   Thumb Code   398  pwm.o(.text)
    TIM3CH_PWM_Init                          0x08003833   Thumb Code   394  pwm.o(.text)
    Tim_Reset                                0x080039bd   Thumb Code    44  pwm.o(.text)
    MPU_Write_Byte                           0x080039fd   Thumb Code    68  mpu6050.o(.text)
    MPU_Set_LPF                              0x08003a41   Thumb Code    58  mpu6050.o(.text)
    MPU_Set_Rate                             0x08003a7b   Thumb Code    58  mpu6050.o(.text)
    MPU_Read_Byte                            0x08003ab5   Thumb Code    58  mpu6050.o(.text)
    MPU_Set_Accel_Fsr                        0x08003aef   Thumb Code    16  mpu6050.o(.text)
    MPU_Set_Gyro_Fsr                         0x08003aff   Thumb Code    16  mpu6050.o(.text)
    MPU_Init                                 0x08003b0f   Thumb Code   122  mpu6050.o(.text)
    MPU_Read_Len                             0x08003b89   Thumb Code   116  mpu6050.o(.text)
    MPU_Get_Temperature                      0x08003bfd   Thumb Code   110  mpu6050.o(.text)
    MPU_Get_Gyroscope                        0x08003c6b   Thumb Code    80  mpu6050.o(.text)
    MPU_Get_Accelerometer                    0x08003cbb   Thumb Code    80  mpu6050.o(.text)
    MPU_Write_Len                            0x08003d0b   Thumb Code    96  mpu6050.o(.text)
    delay_init                               0x08003d81   Thumb Code    52  delay.o(.text)
    delay_us                                 0x08003db5   Thumb Code    72  delay.o(.text)
    delay_xms                                0x08003dfd   Thumb Code    72  delay.o(.text)
    delay_ms                                 0x08003e45   Thumb Code    56  delay.o(.text)
    _sys_exit                                0x08003e85   Thumb Code     6  usart.o(.text)
    fputc                                    0x08003e8b   Thumb Code    22  usart.o(.text)
    uart_init                                0x08003ea1   Thumb Code   164  usart.o(.text)
    USART1_IRQHandler                        0x08003f45   Thumb Code   122  usart.o(.text)
    Reset_Handler                            0x08003fd1   Thumb Code     8  startup_stm32f40_41xxx.o(.text)
    ADC_IRQHandler                           0x08003feb   Thumb Code     0  startup_stm32f40_41xxx.o(.text)
    CAN1_RX0_IRQHandler                      0x08003feb   Thumb Code     0  startup_stm32f40_41xxx.o(.text)
    CAN1_RX1_IRQHandler                      0x08003feb   Thumb Code     0  startup_stm32f40_41xxx.o(.text)
    CAN1_SCE_IRQHandler                      0x08003feb   Thumb Code     0  startup_stm32f40_41xxx.o(.text)
    CAN1_TX_IRQHandler                       0x08003feb   Thumb Code     0  startup_stm32f40_41xxx.o(.text)
    CAN2_RX0_IRQHandler                      0x08003feb   Thumb Code     0  startup_stm32f40_41xxx.o(.text)
    CAN2_RX1_IRQHandler                      0x08003feb   Thumb Code     0  startup_stm32f40_41xxx.o(.text)
    CAN2_SCE_IRQHandler                      0x08003feb   Thumb Code     0  startup_stm32f40_41xxx.o(.text)
    CAN2_TX_IRQHandler                       0x08003feb   Thumb Code     0  startup_stm32f40_41xxx.o(.text)
    CRYP_IRQHandler                          0x08003feb   Thumb Code     0  startup_stm32f40_41xxx.o(.text)
    DCMI_IRQHandler                          0x08003feb   Thumb Code     0  startup_stm32f40_41xxx.o(.text)
    DMA1_Stream0_IRQHandler                  0x08003feb   Thumb Code     0  startup_stm32f40_41xxx.o(.text)
    DMA1_Stream1_IRQHandler                  0x08003feb   Thumb Code     0  startup_stm32f40_41xxx.o(.text)
    DMA1_Stream2_IRQHandler                  0x08003feb   Thumb Code     0  startup_stm32f40_41xxx.o(.text)
    DMA1_Stream3_IRQHandler                  0x08003feb   Thumb Code     0  startup_stm32f40_41xxx.o(.text)
    DMA1_Stream4_IRQHandler                  0x08003feb   Thumb Code     0  startup_stm32f40_41xxx.o(.text)
    DMA1_Stream5_IRQHandler                  0x08003feb   Thumb Code     0  startup_stm32f40_41xxx.o(.text)
    DMA1_Stream6_IRQHandler                  0x08003feb   Thumb Code     0  startup_stm32f40_41xxx.o(.text)
    DMA1_Stream7_IRQHandler                  0x08003feb   Thumb Code     0  startup_stm32f40_41xxx.o(.text)
    DMA2_Stream0_IRQHandler                  0x08003feb   Thumb Code     0  startup_stm32f40_41xxx.o(.text)
    DMA2_Stream1_IRQHandler                  0x08003feb   Thumb Code     0  startup_stm32f40_41xxx.o(.text)
    DMA2_Stream2_IRQHandler                  0x08003feb   Thumb Code     0  startup_stm32f40_41xxx.o(.text)
    DMA2_Stream3_IRQHandler                  0x08003feb   Thumb Code     0  startup_stm32f40_41xxx.o(.text)
    DMA2_Stream4_IRQHandler                  0x08003feb   Thumb Code     0  startup_stm32f40_41xxx.o(.text)
    DMA2_Stream5_IRQHandler                  0x08003feb   Thumb Code     0  startup_stm32f40_41xxx.o(.text)
    DMA2_Stream6_IRQHandler                  0x08003feb   Thumb Code     0  startup_stm32f40_41xxx.o(.text)
    DMA2_Stream7_IRQHandler                  0x08003feb   Thumb Code     0  startup_stm32f40_41xxx.o(.text)
    ETH_IRQHandler                           0x08003feb   Thumb Code     0  startup_stm32f40_41xxx.o(.text)
    ETH_WKUP_IRQHandler                      0x08003feb   Thumb Code     0  startup_stm32f40_41xxx.o(.text)
    EXTI0_IRQHandler                         0x08003feb   Thumb Code     0  startup_stm32f40_41xxx.o(.text)
    EXTI15_10_IRQHandler                     0x08003feb   Thumb Code     0  startup_stm32f40_41xxx.o(.text)
    EXTI1_IRQHandler                         0x08003feb   Thumb Code     0  startup_stm32f40_41xxx.o(.text)
    EXTI2_IRQHandler                         0x08003feb   Thumb Code     0  startup_stm32f40_41xxx.o(.text)
    EXTI3_IRQHandler                         0x08003feb   Thumb Code     0  startup_stm32f40_41xxx.o(.text)
    EXTI4_IRQHandler                         0x08003feb   Thumb Code     0  startup_stm32f40_41xxx.o(.text)
    EXTI9_5_IRQHandler                       0x08003feb   Thumb Code     0  startup_stm32f40_41xxx.o(.text)
    FLASH_IRQHandler                         0x08003feb   Thumb Code     0  startup_stm32f40_41xxx.o(.text)
    FPU_IRQHandler                           0x08003feb   Thumb Code     0  startup_stm32f40_41xxx.o(.text)
    FSMC_IRQHandler                          0x08003feb   Thumb Code     0  startup_stm32f40_41xxx.o(.text)
    HASH_RNG_IRQHandler                      0x08003feb   Thumb Code     0  startup_stm32f40_41xxx.o(.text)
    I2C1_ER_IRQHandler                       0x08003feb   Thumb Code     0  startup_stm32f40_41xxx.o(.text)
    I2C1_EV_IRQHandler                       0x08003feb   Thumb Code     0  startup_stm32f40_41xxx.o(.text)
    I2C2_ER_IRQHandler                       0x08003feb   Thumb Code     0  startup_stm32f40_41xxx.o(.text)
    I2C2_EV_IRQHandler                       0x08003feb   Thumb Code     0  startup_stm32f40_41xxx.o(.text)
    I2C3_ER_IRQHandler                       0x08003feb   Thumb Code     0  startup_stm32f40_41xxx.o(.text)
    I2C3_EV_IRQHandler                       0x08003feb   Thumb Code     0  startup_stm32f40_41xxx.o(.text)
    OTG_FS_IRQHandler                        0x08003feb   Thumb Code     0  startup_stm32f40_41xxx.o(.text)
    OTG_FS_WKUP_IRQHandler                   0x08003feb   Thumb Code     0  startup_stm32f40_41xxx.o(.text)
    OTG_HS_EP1_IN_IRQHandler                 0x08003feb   Thumb Code     0  startup_stm32f40_41xxx.o(.text)
    OTG_HS_EP1_OUT_IRQHandler                0x08003feb   Thumb Code     0  startup_stm32f40_41xxx.o(.text)
    OTG_HS_IRQHandler                        0x08003feb   Thumb Code     0  startup_stm32f40_41xxx.o(.text)
    OTG_HS_WKUP_IRQHandler                   0x08003feb   Thumb Code     0  startup_stm32f40_41xxx.o(.text)
    PVD_IRQHandler                           0x08003feb   Thumb Code     0  startup_stm32f40_41xxx.o(.text)
    RCC_IRQHandler                           0x08003feb   Thumb Code     0  startup_stm32f40_41xxx.o(.text)
    RTC_Alarm_IRQHandler                     0x08003feb   Thumb Code     0  startup_stm32f40_41xxx.o(.text)
    RTC_WKUP_IRQHandler                      0x08003feb   Thumb Code     0  startup_stm32f40_41xxx.o(.text)
    SDIO_IRQHandler                          0x08003feb   Thumb Code     0  startup_stm32f40_41xxx.o(.text)
    SPI1_IRQHandler                          0x08003feb   Thumb Code     0  startup_stm32f40_41xxx.o(.text)
    SPI2_IRQHandler                          0x08003feb   Thumb Code     0  startup_stm32f40_41xxx.o(.text)
    SPI3_IRQHandler                          0x08003feb   Thumb Code     0  startup_stm32f40_41xxx.o(.text)
    TAMP_STAMP_IRQHandler                    0x08003feb   Thumb Code     0  startup_stm32f40_41xxx.o(.text)
    TIM1_BRK_TIM9_IRQHandler                 0x08003feb   Thumb Code     0  startup_stm32f40_41xxx.o(.text)
    TIM1_CC_IRQHandler                       0x08003feb   Thumb Code     0  startup_stm32f40_41xxx.o(.text)
    TIM1_TRG_COM_TIM11_IRQHandler            0x08003feb   Thumb Code     0  startup_stm32f40_41xxx.o(.text)
    TIM1_UP_TIM10_IRQHandler                 0x08003feb   Thumb Code     0  startup_stm32f40_41xxx.o(.text)
    TIM2_IRQHandler                          0x08003feb   Thumb Code     0  startup_stm32f40_41xxx.o(.text)
    TIM3_IRQHandler                          0x08003feb   Thumb Code     0  startup_stm32f40_41xxx.o(.text)
    TIM4_IRQHandler                          0x08003feb   Thumb Code     0  startup_stm32f40_41xxx.o(.text)
    TIM5_IRQHandler                          0x08003feb   Thumb Code     0  startup_stm32f40_41xxx.o(.text)
    TIM6_DAC_IRQHandler                      0x08003feb   Thumb Code     0  startup_stm32f40_41xxx.o(.text)
    TIM7_IRQHandler                          0x08003feb   Thumb Code     0  startup_stm32f40_41xxx.o(.text)
    TIM8_BRK_TIM12_IRQHandler                0x08003feb   Thumb Code     0  startup_stm32f40_41xxx.o(.text)
    TIM8_CC_IRQHandler                       0x08003feb   Thumb Code     0  startup_stm32f40_41xxx.o(.text)
    TIM8_TRG_COM_TIM14_IRQHandler            0x08003feb   Thumb Code     0  startup_stm32f40_41xxx.o(.text)
    TIM8_UP_TIM13_IRQHandler                 0x08003feb   Thumb Code     0  startup_stm32f40_41xxx.o(.text)
    UART4_IRQHandler                         0x08003feb   Thumb Code     0  startup_stm32f40_41xxx.o(.text)
    UART5_IRQHandler                         0x08003feb   Thumb Code     0  startup_stm32f40_41xxx.o(.text)
    USART2_IRQHandler                        0x08003feb   Thumb Code     0  startup_stm32f40_41xxx.o(.text)
    USART3_IRQHandler                        0x08003feb   Thumb Code     0  startup_stm32f40_41xxx.o(.text)
    USART6_IRQHandler                        0x08003feb   Thumb Code     0  startup_stm32f40_41xxx.o(.text)
    WWDG_IRQHandler                          0x08003feb   Thumb Code     0  startup_stm32f40_41xxx.o(.text)
    __user_initial_stackheap                 0x08003fed   Thumb Code     0  startup_stm32f40_41xxx.o(.text)
    NVIC_PriorityGroupConfig                 0x08004011   Thumb Code    10  misc.o(.text)
    NVIC_Init                                0x0800401b   Thumb Code   106  misc.o(.text)
    NVIC_SetVectorTable                      0x08004085   Thumb Code    14  misc.o(.text)
    NVIC_SystemLPConfig                      0x08004093   Thumb Code    34  misc.o(.text)
    SysTick_CLKSourceConfig                  0x080040b5   Thumb Code    40  misc.o(.text)
    GPIO_DeInit                              0x080040f1   Thumb Code   268  stm32f4xx_gpio.o(.text)
    GPIO_Init                                0x080041fd   Thumb Code   144  stm32f4xx_gpio.o(.text)
    GPIO_StructInit                          0x0800428d   Thumb Code    18  stm32f4xx_gpio.o(.text)
    GPIO_PinLockConfig                       0x0800429f   Thumb Code    34  stm32f4xx_gpio.o(.text)
    GPIO_ReadInputDataBit                    0x080042c1   Thumb Code    18  stm32f4xx_gpio.o(.text)
    GPIO_ReadInputData                       0x080042d3   Thumb Code     8  stm32f4xx_gpio.o(.text)
    GPIO_ReadOutputDataBit                   0x080042db   Thumb Code    18  stm32f4xx_gpio.o(.text)
    GPIO_ReadOutputData                      0x080042ed   Thumb Code     8  stm32f4xx_gpio.o(.text)
    GPIO_SetBits                             0x080042f5   Thumb Code     4  stm32f4xx_gpio.o(.text)
    GPIO_ResetBits                           0x080042f9   Thumb Code     4  stm32f4xx_gpio.o(.text)
    GPIO_WriteBit                            0x080042fd   Thumb Code    10  stm32f4xx_gpio.o(.text)
    GPIO_Write                               0x08004307   Thumb Code     4  stm32f4xx_gpio.o(.text)
    GPIO_ToggleBits                          0x0800430b   Thumb Code     8  stm32f4xx_gpio.o(.text)
    GPIO_PinAFConfig                         0x08004313   Thumb Code    70  stm32f4xx_gpio.o(.text)
    RCC_DeInit                               0x08004385   Thumb Code    82  stm32f4xx_rcc.o(.text)
    RCC_HSEConfig                            0x080043d7   Thumb Code    14  stm32f4xx_rcc.o(.text)
    RCC_GetFlagStatus                        0x080043e5   Thumb Code    60  stm32f4xx_rcc.o(.text)
    RCC_WaitForHSEStartUp                    0x08004421   Thumb Code    56  stm32f4xx_rcc.o(.text)
    RCC_AdjustHSICalibrationValue            0x08004459   Thumb Code    20  stm32f4xx_rcc.o(.text)
    RCC_HSICmd                               0x0800446d   Thumb Code     6  stm32f4xx_rcc.o(.text)
    RCC_LSEConfig                            0x08004473   Thumb Code    46  stm32f4xx_rcc.o(.text)
    RCC_LSICmd                               0x080044a1   Thumb Code     6  stm32f4xx_rcc.o(.text)
    RCC_PLLConfig                            0x080044a7   Thumb Code    32  stm32f4xx_rcc.o(.text)
    RCC_PLLCmd                               0x080044c7   Thumb Code     6  stm32f4xx_rcc.o(.text)
    RCC_PLLI2SConfig                         0x080044cd   Thumb Code    14  stm32f4xx_rcc.o(.text)
    RCC_PLLI2SCmd                            0x080044db   Thumb Code     6  stm32f4xx_rcc.o(.text)
    RCC_PLLSAIConfig                         0x080044e1   Thumb Code    20  stm32f4xx_rcc.o(.text)
    RCC_PLLSAICmd                            0x080044f5   Thumb Code     6  stm32f4xx_rcc.o(.text)
    RCC_ClockSecuritySystemCmd               0x080044fb   Thumb Code     6  stm32f4xx_rcc.o(.text)
    RCC_MCO1Config                           0x08004501   Thumb Code    28  stm32f4xx_rcc.o(.text)
    RCC_MCO2Config                           0x0800451d   Thumb Code    28  stm32f4xx_rcc.o(.text)
    RCC_SYSCLKConfig                         0x08004539   Thumb Code    20  stm32f4xx_rcc.o(.text)
    RCC_GetSYSCLKSource                      0x0800454d   Thumb Code    12  stm32f4xx_rcc.o(.text)
    RCC_HCLKConfig                           0x08004559   Thumb Code    20  stm32f4xx_rcc.o(.text)
    RCC_PCLK1Config                          0x0800456d   Thumb Code    20  stm32f4xx_rcc.o(.text)
    RCC_PCLK2Config                          0x08004581   Thumb Code    22  stm32f4xx_rcc.o(.text)
    RCC_GetClocksFreq                        0x08004597   Thumb Code   222  stm32f4xx_rcc.o(.text)
    RCC_RTCCLKConfig                         0x08004675   Thumb Code    54  stm32f4xx_rcc.o(.text)
    RCC_RTCCLKCmd                            0x080046ab   Thumb Code     8  stm32f4xx_rcc.o(.text)
    RCC_BackupResetCmd                       0x080046b3   Thumb Code     8  stm32f4xx_rcc.o(.text)
    RCC_I2SCLKConfig                         0x080046bb   Thumb Code     6  stm32f4xx_rcc.o(.text)
    RCC_SAIPLLI2SClkDivConfig                0x080046c1   Thumb Code    26  stm32f4xx_rcc.o(.text)
    RCC_SAIPLLSAIClkDivConfig                0x080046db   Thumb Code    28  stm32f4xx_rcc.o(.text)
    RCC_SAIBlockACLKConfig                   0x080046f7   Thumb Code    20  stm32f4xx_rcc.o(.text)
    RCC_SAIBlockBCLKConfig                   0x0800470b   Thumb Code    20  stm32f4xx_rcc.o(.text)
    RCC_LTDCCLKDivConfig                     0x0800471f   Thumb Code    20  stm32f4xx_rcc.o(.text)
    RCC_TIMCLKPresConfig                     0x08004733   Thumb Code     6  stm32f4xx_rcc.o(.text)
    RCC_AHB1PeriphClockCmd                   0x08004739   Thumb Code    34  stm32f4xx_rcc.o(.text)
    RCC_AHB2PeriphClockCmd                   0x0800475b   Thumb Code    78  stm32f4xx_rcc.o(.text)
    RCC_AHB3PeriphClockCmd                   0x080047a9   Thumb Code    34  stm32f4xx_rcc.o(.text)
    RCC_APB1PeriphClockCmd                   0x080047cb   Thumb Code    34  stm32f4xx_rcc.o(.text)
    RCC_APB2PeriphClockCmd                   0x080047ed   Thumb Code    34  stm32f4xx_rcc.o(.text)
    RCC_AHB1PeriphResetCmd                   0x0800480f   Thumb Code    34  stm32f4xx_rcc.o(.text)
    RCC_AHB2PeriphResetCmd                   0x08004831   Thumb Code    34  stm32f4xx_rcc.o(.text)
    RCC_AHB3PeriphResetCmd                   0x08004853   Thumb Code    34  stm32f4xx_rcc.o(.text)
    RCC_APB1PeriphResetCmd                   0x08004875   Thumb Code    34  stm32f4xx_rcc.o(.text)
    RCC_APB2PeriphResetCmd                   0x08004897   Thumb Code    34  stm32f4xx_rcc.o(.text)
    RCC_AHB1PeriphClockLPModeCmd             0x080048b9   Thumb Code    34  stm32f4xx_rcc.o(.text)
    RCC_AHB2PeriphClockLPModeCmd             0x080048db   Thumb Code    34  stm32f4xx_rcc.o(.text)
    RCC_AHB3PeriphClockLPModeCmd             0x080048fd   Thumb Code    34  stm32f4xx_rcc.o(.text)
    RCC_APB1PeriphClockLPModeCmd             0x0800491f   Thumb Code    34  stm32f4xx_rcc.o(.text)
    RCC_APB2PeriphClockLPModeCmd             0x08004941   Thumb Code    34  stm32f4xx_rcc.o(.text)
    RCC_LSEModeConfig                        0x08004963   Thumb Code    40  stm32f4xx_rcc.o(.text)
    RCC_ITConfig                             0x0800498b   Thumb Code    34  stm32f4xx_rcc.o(.text)
    RCC_ClearFlag                            0x080049ad   Thumb Code    18  stm32f4xx_rcc.o(.text)
    RCC_GetITStatus                          0x080049bf   Thumb Code    22  stm32f4xx_rcc.o(.text)
    RCC_ClearITPendingBit                    0x080049d5   Thumb Code     8  stm32f4xx_rcc.o(.text)
    USART_DeInit                             0x080049e1   Thumb Code   206  stm32f4xx_usart.o(.text)
    USART_Init                               0x08004aaf   Thumb Code   204  stm32f4xx_usart.o(.text)
    USART_StructInit                         0x08004b7b   Thumb Code    24  stm32f4xx_usart.o(.text)
    USART_ClockInit                          0x08004b93   Thumb Code    32  stm32f4xx_usart.o(.text)
    USART_ClockStructInit                    0x08004bb3   Thumb Code    12  stm32f4xx_usart.o(.text)
    USART_Cmd                                0x08004bbf   Thumb Code    24  stm32f4xx_usart.o(.text)
    USART_SetPrescaler                       0x08004bd7   Thumb Code    16  stm32f4xx_usart.o(.text)
    USART_OverSampling8Cmd                   0x08004be7   Thumb Code    22  stm32f4xx_usart.o(.text)
    USART_OneBitMethodCmd                    0x08004bfd   Thumb Code    24  stm32f4xx_usart.o(.text)
    USART_SendData                           0x08004c15   Thumb Code     8  stm32f4xx_usart.o(.text)
    USART_ReceiveData                        0x08004c1d   Thumb Code    10  stm32f4xx_usart.o(.text)
    USART_SetAddress                         0x08004c27   Thumb Code    18  stm32f4xx_usart.o(.text)
    USART_ReceiverWakeUpCmd                  0x08004c39   Thumb Code    24  stm32f4xx_usart.o(.text)
    USART_WakeUpConfig                       0x08004c51   Thumb Code    18  stm32f4xx_usart.o(.text)
    USART_LINBreakDetectLengthConfig         0x08004c63   Thumb Code    18  stm32f4xx_usart.o(.text)
    USART_LINCmd                             0x08004c75   Thumb Code    24  stm32f4xx_usart.o(.text)
    USART_SendBreak                          0x08004c8d   Thumb Code    10  stm32f4xx_usart.o(.text)
    USART_HalfDuplexCmd                      0x08004c97   Thumb Code    24  stm32f4xx_usart.o(.text)
    USART_SetGuardTime                       0x08004caf   Thumb Code    16  stm32f4xx_usart.o(.text)
    USART_SmartCardCmd                       0x08004cbf   Thumb Code    24  stm32f4xx_usart.o(.text)
    USART_SmartCardNACKCmd                   0x08004cd7   Thumb Code    24  stm32f4xx_usart.o(.text)
    USART_IrDAConfig                         0x08004cef   Thumb Code    18  stm32f4xx_usart.o(.text)
    USART_IrDACmd                            0x08004d01   Thumb Code    24  stm32f4xx_usart.o(.text)
    USART_DMACmd                             0x08004d19   Thumb Code    18  stm32f4xx_usart.o(.text)
    USART_ITConfig                           0x08004d2b   Thumb Code    74  stm32f4xx_usart.o(.text)
    USART_GetFlagStatus                      0x08004d75   Thumb Code    26  stm32f4xx_usart.o(.text)
    USART_ClearFlag                          0x08004d8f   Thumb Code    18  stm32f4xx_usart.o(.text)
    USART_GetITStatus                        0x08004da1   Thumb Code   118  stm32f4xx_usart.o(.text)
    USART_ClearITPendingBit                  0x08004e17   Thumb Code    30  stm32f4xx_usart.o(.text)
    ADC_DeInit                               0x08004e35   Thumb Code    22  stm32f4xx_adc.o(.text)
    ADC_Init                                 0x08004e4b   Thumb Code    74  stm32f4xx_adc.o(.text)
    ADC_StructInit                           0x08004e95   Thumb Code    20  stm32f4xx_adc.o(.text)
    ADC_CommonInit                           0x08004ea9   Thumb Code    34  stm32f4xx_adc.o(.text)
    ADC_CommonStructInit                     0x08004ecb   Thumb Code    12  stm32f4xx_adc.o(.text)
    ADC_Cmd                                  0x08004ed7   Thumb Code    22  stm32f4xx_adc.o(.text)
    ADC_AnalogWatchdogCmd                    0x08004eed   Thumb Code    16  stm32f4xx_adc.o(.text)
    ADC_AnalogWatchdogThresholdsConfig       0x08004efd   Thumb Code     6  stm32f4xx_adc.o(.text)
    ADC_AnalogWatchdogSingleChannelConfig    0x08004f03   Thumb Code    16  stm32f4xx_adc.o(.text)
    ADC_TempSensorVrefintCmd                 0x08004f13   Thumb Code    34  stm32f4xx_adc.o(.text)
    ADC_VBATCmd                              0x08004f35   Thumb Code    34  stm32f4xx_adc.o(.text)
    ADC_RegularChannelConfig                 0x08004f57   Thumb Code   184  stm32f4xx_adc.o(.text)
    ADC_SoftwareStartConv                    0x0800500f   Thumb Code    10  stm32f4xx_adc.o(.text)
    ADC_GetSoftwareStartConvStatus           0x08005019   Thumb Code    20  stm32f4xx_adc.o(.text)
    ADC_EOCOnEachRegularChannelCmd           0x0800502d   Thumb Code    22  stm32f4xx_adc.o(.text)
    ADC_ContinuousModeCmd                    0x08005043   Thumb Code    22  stm32f4xx_adc.o(.text)
    ADC_DiscModeChannelCountConfig           0x08005059   Thumb Code    24  stm32f4xx_adc.o(.text)
    ADC_DiscModeCmd                          0x08005071   Thumb Code    22  stm32f4xx_adc.o(.text)
    ADC_GetConversionValue                   0x08005087   Thumb Code     8  stm32f4xx_adc.o(.text)
    ADC_GetMultiModeConversionValue          0x0800508f   Thumb Code     8  stm32f4xx_adc.o(.text)
    ADC_DMACmd                               0x08005097   Thumb Code    22  stm32f4xx_adc.o(.text)
    ADC_DMARequestAfterLastTransferCmd       0x080050ad   Thumb Code    22  stm32f4xx_adc.o(.text)
    ADC_MultiModeDMARequestAfterLastTransferCmd 0x080050c3   Thumb Code    34  stm32f4xx_adc.o(.text)
    ADC_InjectedChannelConfig                0x080050e5   Thumb Code   130  stm32f4xx_adc.o(.text)
    ADC_InjectedSequencerLengthConfig        0x08005167   Thumb Code    24  stm32f4xx_adc.o(.text)
    ADC_SetInjectedOffset                    0x0800517f   Thumb Code    20  stm32f4xx_adc.o(.text)
    ADC_ExternalTrigInjectedConvConfig       0x08005193   Thumb Code    16  stm32f4xx_adc.o(.text)
    ADC_ExternalTrigInjectedConvEdgeConfig   0x080051a3   Thumb Code    16  stm32f4xx_adc.o(.text)
    ADC_SoftwareStartInjectedConv            0x080051b3   Thumb Code    10  stm32f4xx_adc.o(.text)
    ADC_GetSoftwareStartInjectedConvCmdStatus 0x080051bd   Thumb Code    20  stm32f4xx_adc.o(.text)
    ADC_AutoInjectedConvCmd                  0x080051d1   Thumb Code    22  stm32f4xx_adc.o(.text)
    ADC_InjectedDiscModeCmd                  0x080051e7   Thumb Code    22  stm32f4xx_adc.o(.text)
    ADC_GetInjectedConversionValue           0x080051fd   Thumb Code    28  stm32f4xx_adc.o(.text)
    ADC_ITConfig                             0x08005219   Thumb Code    56  stm32f4xx_adc.o(.text)
    ADC_GetFlagStatus                        0x08005251   Thumb Code    18  stm32f4xx_adc.o(.text)
    ADC_ClearFlag                            0x08005263   Thumb Code     6  stm32f4xx_adc.o(.text)
    ADC_GetITStatus                          0x08005269   Thumb Code    38  stm32f4xx_adc.o(.text)
    ADC_ClearITPendingBit                    0x0800528f   Thumb Code    10  stm32f4xx_adc.o(.text)
    DMA_DeInit                               0x08005299   Thumb Code   324  stm32f4xx_dma.o(.text)
    DMA_Init                                 0x080053dd   Thumb Code    82  stm32f4xx_dma.o(.text)
    DMA_StructInit                           0x0800542f   Thumb Code    34  stm32f4xx_dma.o(.text)
    DMA_Cmd                                  0x08005451   Thumb Code    22  stm32f4xx_dma.o(.text)
    DMA_PeriphIncOffsetSizeConfig            0x08005467   Thumb Code    22  stm32f4xx_dma.o(.text)
    DMA_FlowControllerConfig                 0x0800547d   Thumb Code    22  stm32f4xx_dma.o(.text)
    DMA_SetCurrDataCounter                   0x08005493   Thumb Code     4  stm32f4xx_dma.o(.text)
    DMA_GetCurrDataCounter                   0x08005497   Thumb Code     8  stm32f4xx_dma.o(.text)
    DMA_DoubleBufferModeConfig               0x0800549f   Thumb Code    24  stm32f4xx_dma.o(.text)
    DMA_DoubleBufferModeCmd                  0x080054b7   Thumb Code    22  stm32f4xx_dma.o(.text)
    DMA_MemoryTargetConfig                   0x080054cd   Thumb Code    10  stm32f4xx_dma.o(.text)
    DMA_GetCurrentMemoryTarget               0x080054d7   Thumb Code    20  stm32f4xx_dma.o(.text)
    DMA_GetCmdStatus                         0x080054eb   Thumb Code    20  stm32f4xx_dma.o(.text)
    DMA_GetFIFOStatus                        0x080054ff   Thumb Code    12  stm32f4xx_dma.o(.text)
    DMA_GetFlagStatus                        0x0800550b   Thumb Code    56  stm32f4xx_dma.o(.text)
    DMA_ClearFlag                            0x08005543   Thumb Code    40  stm32f4xx_dma.o(.text)
    DMA_ITConfig                             0x0800556b   Thumb Code    58  stm32f4xx_dma.o(.text)
    DMA_GetITStatus                          0x080055a5   Thumb Code    84  stm32f4xx_dma.o(.text)
    DMA_ClearITPendingBit                    0x080055f9   Thumb Code    40  stm32f4xx_dma.o(.text)
    TIM_DeInit                               0x08005641   Thumb Code   346  stm32f4xx_tim.o(.text)
    TIM_TimeBaseInit                         0x0800579b   Thumb Code   104  stm32f4xx_tim.o(.text)
    TIM_TimeBaseStructInit                   0x08005803   Thumb Code    18  stm32f4xx_tim.o(.text)
    TIM_PrescalerConfig                      0x08005815   Thumb Code     6  stm32f4xx_tim.o(.text)
    TIM_CounterModeConfig                    0x0800581b   Thumb Code    18  stm32f4xx_tim.o(.text)
    TIM_SetCounter                           0x0800582d   Thumb Code     4  stm32f4xx_tim.o(.text)
    TIM_SetAutoreload                        0x08005831   Thumb Code     4  stm32f4xx_tim.o(.text)
    TIM_GetCounter                           0x08005835   Thumb Code     6  stm32f4xx_tim.o(.text)
    TIM_GetPrescaler                         0x0800583b   Thumb Code     6  stm32f4xx_tim.o(.text)
    TIM_UpdateDisableConfig                  0x08005841   Thumb Code    24  stm32f4xx_tim.o(.text)
    TIM_UpdateRequestConfig                  0x08005859   Thumb Code    24  stm32f4xx_tim.o(.text)
    TIM_ARRPreloadConfig                     0x08005871   Thumb Code    24  stm32f4xx_tim.o(.text)
    TIM_SelectOnePulseMode                   0x08005889   Thumb Code    18  stm32f4xx_tim.o(.text)
    TIM_SetClockDivision                     0x0800589b   Thumb Code    18  stm32f4xx_tim.o(.text)
    TIM_Cmd                                  0x080058ad   Thumb Code    24  stm32f4xx_tim.o(.text)
    TIM_OC1Init                              0x080058c5   Thumb Code   114  stm32f4xx_tim.o(.text)
    TIM_OC2Init                              0x08005937   Thumb Code   154  stm32f4xx_tim.o(.text)
    TIM_OC3Init                              0x080059d1   Thumb Code   204  stm32f4xx_tim.o(.text)
    TIM_OC4Init                              0x08005a9d   Thumb Code   112  stm32f4xx_tim.o(.text)
    TIM_OCStructInit                         0x08005b0d   Thumb Code    20  stm32f4xx_tim.o(.text)
    TIM_SelectOCxM                           0x08005b21   Thumb Code    86  stm32f4xx_tim.o(.text)
    TIM_SetCompare1                          0x08005b77   Thumb Code     4  stm32f4xx_tim.o(.text)
    TIM_SetCompare2                          0x08005b7b   Thumb Code     4  stm32f4xx_tim.o(.text)
    TIM_SetCompare3                          0x08005b7f   Thumb Code     4  stm32f4xx_tim.o(.text)
    TIM_SetCompare4                          0x08005b83   Thumb Code     4  stm32f4xx_tim.o(.text)
    TIM_ForcedOC1Config                      0x08005b87   Thumb Code    18  stm32f4xx_tim.o(.text)
    TIM_ForcedOC2Config                      0x08005b99   Thumb Code    26  stm32f4xx_tim.o(.text)
    TIM_ForcedOC3Config                      0x08005bb3   Thumb Code    18  stm32f4xx_tim.o(.text)
    TIM_ForcedOC4Config                      0x08005bc5   Thumb Code    26  stm32f4xx_tim.o(.text)
    TIM_OC1PreloadConfig                     0x08005bdf   Thumb Code    18  stm32f4xx_tim.o(.text)
    TIM_OC2PreloadConfig                     0x08005bf1   Thumb Code    26  stm32f4xx_tim.o(.text)
    TIM_OC3PreloadConfig                     0x08005c0b   Thumb Code    18  stm32f4xx_tim.o(.text)
    TIM_OC4PreloadConfig                     0x08005c1d   Thumb Code    26  stm32f4xx_tim.o(.text)
    TIM_OC1FastConfig                        0x08005c37   Thumb Code    18  stm32f4xx_tim.o(.text)
    TIM_OC2FastConfig                        0x08005c49   Thumb Code    26  stm32f4xx_tim.o(.text)
    TIM_OC3FastConfig                        0x08005c63   Thumb Code    18  stm32f4xx_tim.o(.text)
    TIM_OC4FastConfig                        0x08005c75   Thumb Code    26  stm32f4xx_tim.o(.text)
    TIM_ClearOC1Ref                          0x08005c8f   Thumb Code    18  stm32f4xx_tim.o(.text)
    TIM_ClearOC2Ref                          0x08005ca1   Thumb Code    24  stm32f4xx_tim.o(.text)
    TIM_ClearOC3Ref                          0x08005cb9   Thumb Code    18  stm32f4xx_tim.o(.text)
    TIM_ClearOC4Ref                          0x08005ccb   Thumb Code    24  stm32f4xx_tim.o(.text)
    TIM_OC1PolarityConfig                    0x08005ce3   Thumb Code    18  stm32f4xx_tim.o(.text)
    TIM_OC1NPolarityConfig                   0x08005cf5   Thumb Code    18  stm32f4xx_tim.o(.text)
    TIM_OC2PolarityConfig                    0x08005d07   Thumb Code    26  stm32f4xx_tim.o(.text)
    TIM_OC2NPolarityConfig                   0x08005d21   Thumb Code    26  stm32f4xx_tim.o(.text)
    TIM_OC3PolarityConfig                    0x08005d3b   Thumb Code    26  stm32f4xx_tim.o(.text)
    TIM_OC3NPolarityConfig                   0x08005d55   Thumb Code    26  stm32f4xx_tim.o(.text)
    TIM_OC4PolarityConfig                    0x08005d6f   Thumb Code    26  stm32f4xx_tim.o(.text)
    TIM_CCxCmd                               0x08005d89   Thumb Code    30  stm32f4xx_tim.o(.text)
    TIM_CCxNCmd                              0x08005da7   Thumb Code    30  stm32f4xx_tim.o(.text)
    TIM_SetIC4Prescaler                      0x08005dc5   Thumb Code    26  stm32f4xx_tim.o(.text)
    TIM_SetIC3Prescaler                      0x08005e2f   Thumb Code    18  stm32f4xx_tim.o(.text)
    TIM_SetIC2Prescaler                      0x08005e89   Thumb Code    26  stm32f4xx_tim.o(.text)
    TIM_SetIC1Prescaler                      0x08005efd   Thumb Code    18  stm32f4xx_tim.o(.text)
    TIM_ICInit                               0x08005f49   Thumb Code   110  stm32f4xx_tim.o(.text)
    TIM_ICStructInit                         0x08005fb7   Thumb Code    18  stm32f4xx_tim.o(.text)
    TIM_PWMIConfig                           0x08005fc9   Thumb Code   124  stm32f4xx_tim.o(.text)
    TIM_GetCapture1                          0x08006045   Thumb Code     6  stm32f4xx_tim.o(.text)
    TIM_GetCapture2                          0x0800604b   Thumb Code     6  stm32f4xx_tim.o(.text)
    TIM_GetCapture3                          0x08006051   Thumb Code     6  stm32f4xx_tim.o(.text)
    TIM_GetCapture4                          0x08006057   Thumb Code     6  stm32f4xx_tim.o(.text)
    TIM_BDTRConfig                           0x0800605d   Thumb Code    32  stm32f4xx_tim.o(.text)
    TIM_BDTRStructInit                       0x0800607d   Thumb Code    18  stm32f4xx_tim.o(.text)
    TIM_CtrlPWMOutputs                       0x0800608f   Thumb Code    30  stm32f4xx_tim.o(.text)
    TIM_SelectCOM                            0x080060ad   Thumb Code    24  stm32f4xx_tim.o(.text)
    TIM_CCPreloadControl                     0x080060c5   Thumb Code    24  stm32f4xx_tim.o(.text)
    TIM_ITConfig                             0x080060dd   Thumb Code    18  stm32f4xx_tim.o(.text)
    TIM_GenerateEvent                        0x080060ef   Thumb Code     4  stm32f4xx_tim.o(.text)
    TIM_GetFlagStatus                        0x080060f3   Thumb Code    18  stm32f4xx_tim.o(.text)
    TIM_ClearFlag                            0x08006105   Thumb Code     6  stm32f4xx_tim.o(.text)
    TIM_GetITStatus                          0x0800610b   Thumb Code    34  stm32f4xx_tim.o(.text)
    TIM_ClearITPendingBit                    0x0800612d   Thumb Code     6  stm32f4xx_tim.o(.text)
    TIM_DMAConfig                            0x08006133   Thumb Code    10  stm32f4xx_tim.o(.text)
    TIM_DMACmd                               0x0800613d   Thumb Code    18  stm32f4xx_tim.o(.text)
    TIM_SelectCCDMA                          0x0800614f   Thumb Code    24  stm32f4xx_tim.o(.text)
    TIM_InternalClockConfig                  0x08006167   Thumb Code    12  stm32f4xx_tim.o(.text)
    TIM_SelectInputTrigger                   0x08006173   Thumb Code    18  stm32f4xx_tim.o(.text)
    TIM_ITRxExternalClockConfig              0x08006185   Thumb Code    24  stm32f4xx_tim.o(.text)
    TIM_TIxExternalClockConfig               0x0800619d   Thumb Code    62  stm32f4xx_tim.o(.text)
    TIM_ETRConfig                            0x080061db   Thumb Code    28  stm32f4xx_tim.o(.text)
    TIM_ETRClockMode1Config                  0x080061f7   Thumb Code    54  stm32f4xx_tim.o(.text)
    TIM_ETRClockMode2Config                  0x0800622d   Thumb Code    32  stm32f4xx_tim.o(.text)
    TIM_SelectOutputTrigger                  0x0800624d   Thumb Code    18  stm32f4xx_tim.o(.text)
    TIM_SelectSlaveMode                      0x0800625f   Thumb Code    18  stm32f4xx_tim.o(.text)
    TIM_SelectMasterSlaveMode                0x08006271   Thumb Code    18  stm32f4xx_tim.o(.text)
    TIM_EncoderInterfaceConfig               0x08006283   Thumb Code    66  stm32f4xx_tim.o(.text)
    TIM_SelectHallSensor                     0x080062c5   Thumb Code    24  stm32f4xx_tim.o(.text)
    TIM_RemapConfig                          0x080062dd   Thumb Code     6  stm32f4xx_tim.o(.text)
    __use_no_semihosting                     0x080062e3   Thumb Code     2  use_no_semi_2.o(.text)
    __use_two_region_memory                  0x080062e5   Thumb Code     2  heapauxi.o(.text)
    __rt_heap_escrow$2region                 0x080062e7   Thumb Code     2  heapauxi.o(.text)
    __rt_heap_expand$2region                 0x080062e9   Thumb Code     2  heapauxi.o(.text)
    __I$use$semihosting                      0x080062eb   Thumb Code     0  use_no_semi.o(.text)
    __use_no_semihosting_swi                 0x080062eb   Thumb Code     2  use_no_semi.o(.text)
    __user_libspace                          0x080062ed   Thumb Code     8  libspace.o(.text)
    __user_perproc_libspace                  0x080062ed   Thumb Code     0  libspace.o(.text)
    __user_perthread_libspace                0x080062ed   Thumb Code     0  libspace.o(.text)
    __user_setup_stackheap                   0x080062f5   Thumb Code    74  sys_stackheap_outer.o(.text)
    exit                                     0x0800633f   Thumb Code    12  exit.o(.text)
    __aeabi_d2f                              0x0800634d   Thumb Code     0  d2f.o(x$fpl$d2f)
    _d2f                                     0x0800634d   Thumb Code    98  d2f.o(x$fpl$d2f)
    __aeabi_dadd                             0x080063b1   Thumb Code     0  daddsub_clz.o(x$fpl$dadd)
    _dadd                                    0x080063b1   Thumb Code   332  daddsub_clz.o(x$fpl$dadd)
    __aeabi_ddiv                             0x08006501   Thumb Code     0  ddiv.o(x$fpl$ddiv)
    _ddiv                                    0x08006501   Thumb Code   552  ddiv.o(x$fpl$ddiv)
    __aeabi_d2iz                             0x080067b1   Thumb Code     0  dfix.o(x$fpl$dfix)
    _dfix                                    0x080067b1   Thumb Code    94  dfix.o(x$fpl$dfix)
    __aeabi_i2d                              0x0800680f   Thumb Code     0  dflt_clz.o(x$fpl$dflt)
    _dflt                                    0x0800680f   Thumb Code    46  dflt_clz.o(x$fpl$dflt)
    __aeabi_ui2d                             0x0800683d   Thumb Code     0  dflt_clz.o(x$fpl$dfltu)
    _dfltu                                   0x0800683d   Thumb Code    38  dflt_clz.o(x$fpl$dfltu)
    __aeabi_dmul                             0x08006865   Thumb Code     0  dmul.o(x$fpl$dmul)
    _dmul                                    0x08006865   Thumb Code   332  dmul.o(x$fpl$dmul)
    __fpl_dnaninf                            0x080069b9   Thumb Code   156  dnaninf.o(x$fpl$dnaninf)
    __fpl_dretinf                            0x08006a55   Thumb Code    12  dretinf.o(x$fpl$dretinf)
    __aeabi_dsub                             0x08006a61   Thumb Code     0  daddsub_clz.o(x$fpl$dsub)
    _dsub                                    0x08006a61   Thumb Code   464  daddsub_clz.o(x$fpl$dsub)
    _fp_init                                 0x08006c35   Thumb Code    10  fpinit.o(x$fpl$fpinit)
    __fplib_config_fpu_vfp                   0x08006c3d   Thumb Code     0  fpinit.o(x$fpl$fpinit)
    __fplib_config_pureend_doubles           0x08006c3d   Thumb Code     0  fpinit.o(x$fpl$fpinit)
    __fpl_fretinf                            0x08006c3f   Thumb Code    10  fretinf.o(x$fpl$fretinf)
    __I$use$fp                               0x08006c48   Number         0  usenofp.o(x$fpl$usenofp)
    asc2_1206                                0x08006c48   Data        1140  oled.o(.constdata)
    asc2_1608                                0x080070bc   Data        1520  oled.o(.constdata)
    asc2_2412                                0x080076ac   Data        3420  oled.o(.constdata)
    Region$$Table$$Base                      0x08008408   Number         0  anon$$obj.o(Region$$Table)
    Region$$Table$$Limit                     0x08008428   Number         0  anon$$obj.o(Region$$Table)
    minGray                                  0x20000000   Data           4  main.o(.data)
    maxGray                                  0x20000004   Data           4  main.o(.data)
    ErrTwo                                   0x20000008   Data           4  main.o(.data)
    ErrOne                                   0x2000000c   Data           4  main.o(.data)
    ErrNow                                   0x20000010   Data           4  main.o(.data)
    sum                                      0x20000014   Data           4  main.o(.data)
    C_6                                      0x20000018   Data           2  main.o(.data)
    C_7                                      0x2000001a   Data           2  main.o(.data)
    C_8                                      0x2000001c   Data           2  main.o(.data)
    F_9                                      0x2000001e   Data           2  main.o(.data)
    F_10                                     0x20000020   Data           2  main.o(.data)
    F_11                                     0x20000022   Data           2  main.o(.data)
    F_12                                     0x20000024   Data           2  main.o(.data)
    F_13                                     0x20000026   Data           2  main.o(.data)
    F_14                                     0x20000028   Data           2  main.o(.data)
    Flag_1                                   0x2000002a   Data           2  main.o(.data)
    Flag_2                                   0x2000002c   Data           2  main.o(.data)
    Flag_3                                   0x2000002e   Data           2  main.o(.data)
    Flag_4                                   0x20000030   Data           2  main.o(.data)
    Flag_K                                   0x20000032   Data           2  main.o(.data)
    Road_1                                   0x20000034   Data           2  main.o(.data)
    Road_2                                   0x20000036   Data           2  main.o(.data)
    D_0                                      0x20000038   Data           2  main.o(.data)
    D_1                                      0x2000003a   Data           2  main.o(.data)
    D_2                                      0x2000003c   Data           2  main.o(.data)
    D_3                                      0x2000003e   Data           2  main.o(.data)
    E_9                                      0x20000040   Data           2  main.o(.data)
    E_10                                     0x20000042   Data           2  main.o(.data)
    E_11                                     0x20000044   Data           2  main.o(.data)
    E_4                                      0x20000046   Data           2  main.o(.data)
    E_5                                      0x20000048   Data           2  main.o(.data)
    E_6                                      0x2000004a   Data           2  main.o(.data)
    i                                        0x2000004c   Data           2  main.o(.data)
    SystemCoreClock                          0x20000050   Data           4  system_stm32f4xx.o(.data)
    AHBPrescTable                            0x20000054   Data          16  system_stm32f4xx.o(.data)
    __stdout                                 0x20000068   Data           4  usart.o(.data)
    USART_RX_STA                             0x2000006c   Data           2  usart.o(.data)
    OLED_GRAM                                0x20000080   Data        1024  oled.o(.bss)
    uhADCxConvertedValue                     0x20000480   Data          12  adc.o(.bss)
    USART_RX_BUF                             0x2000048c   Data         200  usart.o(.bss)
    __libspace_start                         0x20000554   Data          96  libspace.o(.bss)
    __temporary_stack_top$libspace           0x200005b4   Data           0  libspace.o(.bss)



==============================================================================

Memory Map of the image

  Image Entry point : 0x08000189

  Load Region LR_IROM1 (Base: 0x08000000, Size: 0x000084a8, Max: 0x00100000, ABSOLUTE)

    Execution Region ER_IROM1 (Base: 0x08000000, Size: 0x00008428, Max: 0x00100000, ABSOLUTE)

    Base Addr    Size         Type   Attr      Idx    E Section Name        Object

    0x08000000   0x00000188   Data   RO          607    RESET               startup_stm32f40_41xxx.o
    0x08000188   0x00000008   Code   RO          863  * !!!main             c_w.l(__main.o)
    0x08000190   0x00000034   Code   RO         1173    !!!scatter          c_w.l(__scatter.o)
    0x080001c4   0x0000001a   Code   RO         1175    !!handler_copy      c_w.l(__scatter_copy.o)
    0x080001de   0x00000002   PAD
    0x080001e0   0x0000001c   Code   RO         1177    !!handler_zi        c_w.l(__scatter_zi.o)
    0x080001fc   0x00000002   Code   RO         1045    .ARM.Collect$$libinit$$00000000  c_w.l(libinit.o)
    0x080001fe   0x00000004   Code   RO         1054    .ARM.Collect$$libinit$$00000001  c_w.l(libinit2.o)
    0x08000202   0x00000000   Code   RO         1057    .ARM.Collect$$libinit$$00000004  c_w.l(libinit2.o)
    0x08000202   0x00000000   Code   RO         1060    .ARM.Collect$$libinit$$0000000A  c_w.l(libinit2.o)
    0x08000202   0x00000000   Code   RO         1062    .ARM.Collect$$libinit$$0000000C  c_w.l(libinit2.o)
    0x08000202   0x00000000   Code   RO         1064    .ARM.Collect$$libinit$$0000000E  c_w.l(libinit2.o)
    0x08000202   0x00000000   Code   RO         1067    .ARM.Collect$$libinit$$00000011  c_w.l(libinit2.o)
    0x08000202   0x00000000   Code   RO         1069    .ARM.Collect$$libinit$$00000013  c_w.l(libinit2.o)
    0x08000202   0x00000000   Code   RO         1071    .ARM.Collect$$libinit$$00000015  c_w.l(libinit2.o)
    0x08000202   0x00000000   Code   RO         1073    .ARM.Collect$$libinit$$00000017  c_w.l(libinit2.o)
    0x08000202   0x00000000   Code   RO         1075    .ARM.Collect$$libinit$$00000019  c_w.l(libinit2.o)
    0x08000202   0x00000000   Code   RO         1077    .ARM.Collect$$libinit$$0000001B  c_w.l(libinit2.o)
    0x08000202   0x00000000   Code   RO         1079    .ARM.Collect$$libinit$$0000001D  c_w.l(libinit2.o)
    0x08000202   0x00000000   Code   RO         1081    .ARM.Collect$$libinit$$0000001F  c_w.l(libinit2.o)
    0x08000202   0x00000000   Code   RO         1083    .ARM.Collect$$libinit$$00000021  c_w.l(libinit2.o)
    0x08000202   0x00000000   Code   RO         1085    .ARM.Collect$$libinit$$00000023  c_w.l(libinit2.o)
    0x08000202   0x00000000   Code   RO         1087    .ARM.Collect$$libinit$$00000025  c_w.l(libinit2.o)
    0x08000202   0x00000000   Code   RO         1091    .ARM.Collect$$libinit$$0000002C  c_w.l(libinit2.o)
    0x08000202   0x00000000   Code   RO         1093    .ARM.Collect$$libinit$$0000002E  c_w.l(libinit2.o)
    0x08000202   0x00000000   Code   RO         1095    .ARM.Collect$$libinit$$00000030  c_w.l(libinit2.o)
    0x08000202   0x00000000   Code   RO         1097    .ARM.Collect$$libinit$$00000032  c_w.l(libinit2.o)
    0x08000202   0x00000002   Code   RO         1098    .ARM.Collect$$libinit$$00000033  c_w.l(libinit2.o)
    0x08000204   0x00000002   Code   RO         1126    .ARM.Collect$$libshutdown$$00000000  c_w.l(libshutdown.o)
    0x08000206   0x00000000   Code   RO         1141    .ARM.Collect$$libshutdown$$00000003  c_w.l(libshutdown2.o)
    0x08000206   0x00000000   Code   RO         1144    .ARM.Collect$$libshutdown$$00000006  c_w.l(libshutdown2.o)
    0x08000206   0x00000000   Code   RO         1147    .ARM.Collect$$libshutdown$$00000009  c_w.l(libshutdown2.o)
    0x08000206   0x00000000   Code   RO         1149    .ARM.Collect$$libshutdown$$0000000B  c_w.l(libshutdown2.o)
    0x08000206   0x00000000   Code   RO         1152    .ARM.Collect$$libshutdown$$0000000E  c_w.l(libshutdown2.o)
    0x08000206   0x00000002   Code   RO         1153    .ARM.Collect$$libshutdown$$0000000F  c_w.l(libshutdown2.o)
    0x08000208   0x00000000   Code   RO          919    .ARM.Collect$$rtentry$$00000000  c_w.l(__rtentry.o)
    0x08000208   0x00000000   Code   RO          994    .ARM.Collect$$rtentry$$00000002  c_w.l(__rtentry2.o)
    0x08000208   0x00000006   Code   RO         1006    .ARM.Collect$$rtentry$$00000004  c_w.l(__rtentry4.o)
    0x0800020e   0x00000000   Code   RO          996    .ARM.Collect$$rtentry$$00000009  c_w.l(__rtentry2.o)
    0x0800020e   0x00000004   Code   RO          997    .ARM.Collect$$rtentry$$0000000A  c_w.l(__rtentry2.o)
    0x08000212   0x00000000   Code   RO          999    .ARM.Collect$$rtentry$$0000000C  c_w.l(__rtentry2.o)
    0x08000212   0x00000008   Code   RO         1000    .ARM.Collect$$rtentry$$0000000D  c_w.l(__rtentry2.o)
    0x0800021a   0x00000002   Code   RO         1048    .ARM.Collect$$rtexit$$00000000  c_w.l(rtexit.o)
    0x0800021c   0x00000000   Code   RO         1100    .ARM.Collect$$rtexit$$00000002  c_w.l(rtexit2.o)
    0x0800021c   0x00000004   Code   RO         1101    .ARM.Collect$$rtexit$$00000003  c_w.l(rtexit2.o)
    0x08000220   0x00000006   Code   RO         1102    .ARM.Collect$$rtexit$$00000004  c_w.l(rtexit2.o)
    0x08000226   0x00000002   PAD
    0x08000228   0x00002714   Code   RO            3    .text               main.o
    0x0800293c   0x0000001a   Code   RO          175    .text               stm32f4xx_it.o
    0x08002956   0x00000002   PAD
    0x08002958   0x00000210   Code   RO          224    .text               system_stm32f4xx.o
    0x08002b68   0x00000524   Code   RO          273    .text               oled.o
    0x0800308c   0x000000fc   Code   RO          303    .text               gray.o
    0x08003188   0x00000264   Code   RO          323    .text               myiic.o
    0x080033ec   0x00000184   Code   RO          343    .text               adc.o
    0x08003570   0x00000100   Code   RO          390    .text               key.o
    0x08003670   0x00000034   Code   RO          408    .text               collect.o
    0x080036a4   0x00000358   Code   RO          422    .text               pwm.o
    0x080039fc   0x00000384   Code   RO          442    .text               mpu6050.o
    0x08003d80   0x00000104   Code   RO          536    .text               delay.o
    0x08003e84   0x0000014c   Code   RO          576    .text               usart.o
    0x08003fd0   0x00000040   Code   RO          608    .text               startup_stm32f40_41xxx.o
    0x08004010   0x000000e0   Code   RO          614    .text               misc.o
    0x080040f0   0x00000294   Code   RO          634    .text               stm32f4xx_gpio.o
    0x08004384   0x0000065c   Code   RO          654    .text               stm32f4xx_rcc.o
    0x080049e0   0x00000454   Code   RO          676    .text               stm32f4xx_usart.o
    0x08004e34   0x00000464   Code   RO          716    .text               stm32f4xx_adc.o
    0x08005298   0x000003a8   Code   RO          736    .text               stm32f4xx_dma.o
    0x08005640   0x00000ca2   Code   RO          756    .text               stm32f4xx_tim.o
    0x080062e2   0x00000002   Code   RO          799    .text               c_w.l(use_no_semi_2.o)
    0x080062e4   0x00000006   Code   RO          861    .text               c_w.l(heapauxi.o)
    0x080062ea   0x00000002   Code   RO          917    .text               c_w.l(use_no_semi.o)
    0x080062ec   0x00000008   Code   RO         1029    .text               c_w.l(libspace.o)
    0x080062f4   0x0000004a   Code   RO         1032    .text               c_w.l(sys_stackheap_outer.o)
    0x0800633e   0x0000000c   Code   RO         1038    .text               c_w.l(exit.o)
    0x0800634a   0x00000002   PAD
    0x0800634c   0x00000062   Code   RO          865    x$fpl$d2f           fz_wm.l(d2f.o)
    0x080063ae   0x00000002   PAD
    0x080063b0   0x00000150   Code   RO          867    x$fpl$dadd          fz_wm.l(daddsub_clz.o)
    0x08006500   0x000002b0   Code   RO          874    x$fpl$ddiv          fz_wm.l(ddiv.o)
    0x080067b0   0x0000005e   Code   RO          877    x$fpl$dfix          fz_wm.l(dfix.o)
    0x0800680e   0x0000002e   Code   RO          882    x$fpl$dflt          fz_wm.l(dflt_clz.o)
    0x0800683c   0x00000026   Code   RO          881    x$fpl$dfltu         fz_wm.l(dflt_clz.o)
    0x08006862   0x00000002   PAD
    0x08006864   0x00000154   Code   RO          887    x$fpl$dmul          fz_wm.l(dmul.o)
    0x080069b8   0x0000009c   Code   RO          933    x$fpl$dnaninf       fz_wm.l(dnaninf.o)
    0x08006a54   0x0000000c   Code   RO          935    x$fpl$dretinf       fz_wm.l(dretinf.o)
    0x08006a60   0x000001d4   Code   RO          869    x$fpl$dsub          fz_wm.l(daddsub_clz.o)
    0x08006c34   0x0000000a   Code   RO         1114    x$fpl$fpinit        fz_wm.l(fpinit.o)
    0x08006c3e   0x0000000a   Code   RO          939    x$fpl$fretinf       fz_wm.l(fretinf.o)
    0x08006c48   0x00000000   Code   RO          941    x$fpl$usenofp       fz_wm.l(usenofp.o)
    0x08006c48   0x000017c0   Data   RO          275    .constdata          oled.o
    0x08008408   0x00000020   Data   RO         1171    Region$$Table       anon$$obj.o


    Execution Region RW_IRAM1 (Base: 0x20000000, Size: 0x00000bb8, Max: 0x00020000, ABSOLUTE)

    Base Addr    Size         Type   Attr      Idx    E Section Name        Object

    0x20000000   0x0000004e   Data   RW            4    .data               main.o
    0x2000004e   0x00000002   PAD
    0x20000050   0x00000014   Data   RW          225    .data               system_stm32f4xx.o
    0x20000064   0x00000004   Data   RW          537    .data               delay.o
    0x20000068   0x00000006   Data   RW          578    .data               usart.o
    0x2000006e   0x00000010   Data   RW          655    .data               stm32f4xx_rcc.o
    0x2000007e   0x00000002   PAD
    0x20000080   0x00000400   Zero   RW          274    .bss                oled.o
    0x20000480   0x0000000c   Zero   RW          344    .bss                adc.o
    0x2000048c   0x000000c8   Zero   RW          577    .bss                usart.o
    0x20000554   0x00000060   Zero   RW         1030    .bss                c_w.l(libspace.o)
    0x200005b4   0x00000004   PAD
    0x200005b8   0x00000200   Zero   RW          606    HEAP                startup_stm32f40_41xxx.o
    0x200007b8   0x00000400   Zero   RW          605    STACK               startup_stm32f40_41xxx.o


==============================================================================

Image component sizes


      Code (inc. data)   RO Data    RW Data    ZI Data      Debug   Object Name

       388         24          0          0         12       1559   adc.o
        52          4          0          0          0        732   collect.o
       260          8          0          4          0       1513   delay.o
       252         20          0          0          0        872   gray.o
       256          4          0          0          0        907   key.o
     10004        566          0         78          0     320872   main.o
       224         20          0          0          0       1893   misc.o
       900         22          0          0          0       4327   mpu6050.o
       612         12          0          0          0       1936   myiic.o
      1316         54       6080          0       1024       5255   oled.o
       856         20          0          0          0       2060   pwm.o
        64         26        392          0       1536        860   startup_stm32f40_41xxx.o
      1124         24          0          0          0      10566   stm32f4xx_adc.o
       936         32          0          0          0       6369   stm32f4xx_dma.o
       660         44          0          0          0       4169   stm32f4xx_gpio.o
        26          0          0          0          0       1258   stm32f4xx_it.o
      1628         52          0         16          0      12996   stm32f4xx_rcc.o
      3234         60          0          0          0      22372   stm32f4xx_tim.o
      1108         34          0          0          0       7868   stm32f4xx_usart.o
       528         46          0         20          0       1891   system_stm32f4xx.o
       332         18          0          6        200       3422   usart.o

    ----------------------------------------------------------------------
     24762       1090       6504        128       2772     413697   Object Totals
         0          0         32          0          0          0   (incl. Generated)
         2          0          0          4          0          0   (incl. Padding)

    ----------------------------------------------------------------------

      Code (inc. data)   RO Data    RW Data    ZI Data      Debug   Library Member Name

         8          0          0          0          0         68   __main.o
         0          0          0          0          0          0   __rtentry.o
        12          0          0          0          0          0   __rtentry2.o
         6          0          0          0          0          0   __rtentry4.o
        52          8          0          0          0          0   __scatter.o
        26          0          0          0          0          0   __scatter_copy.o
        28          0          0          0          0          0   __scatter_zi.o
        12          0          0          0          0         72   exit.o
         6          0          0          0          0        152   heapauxi.o
         2          0          0          0          0          0   libinit.o
         6          0          0          0          0          0   libinit2.o
         2          0          0          0          0          0   libshutdown.o
         2          0          0          0          0          0   libshutdown2.o
         8          4          0          0         96         68   libspace.o
         2          0          0          0          0          0   rtexit.o
        10          0          0          0          0          0   rtexit2.o
        74          0          0          0          0         80   sys_stackheap_outer.o
         2          0          0          0          0         68   use_no_semi.o
         2          0          0          0          0         68   use_no_semi_2.o
        98          4          0          0          0        140   d2f.o
       804         16          0          0          0        368   daddsub_clz.o
       688        140          0          0          0        256   ddiv.o
        94          4          0          0          0        140   dfix.o
        84          0          0          0          0        232   dflt_clz.o
       340         12          0          0          0        152   dmul.o
       156          4          0          0          0        140   dnaninf.o
        12          0          0          0          0        116   dretinf.o
        10          0          0          0          0        116   fpinit.o
        10          0          0          0          0        116   fretinf.o
         0          0          0          0          0          0   usenofp.o

    ----------------------------------------------------------------------
      2566        192          0          0        100       2352   Library Totals
        10          0          0          0          4          0   (incl. Padding)

    ----------------------------------------------------------------------

      Code (inc. data)   RO Data    RW Data    ZI Data      Debug   Library Name

       260         12          0          0         96        576   c_w.l
      2296        180          0          0          0       1776   fz_wm.l

    ----------------------------------------------------------------------
      2566        192          0          0        100       2352   Library Totals

    ----------------------------------------------------------------------

==============================================================================


      Code (inc. data)   RO Data    RW Data    ZI Data      Debug   

     27328       1282       6504        128       2872     410993   Grand Totals
     27328       1282       6504        128       2872     410993   ELF Image Totals
     27328       1282       6504        128          0          0   ROM Totals

==============================================================================

    Total RO  Size (Code + RO Data)                33832 (  33.04kB)
    Total RW  Size (RW Data + ZI Data)              3000 (   2.93kB)
    Total ROM Size (Code + RO Data + RW Data)      33960 (  33.16kB)

==============================================================================

